../data/images/train/1/LFM/LFM_-6_192.png ../data/lable/train/1/LFM/LFM_-6_192.png
../data/images/train/1/LFM/LFM_-6_37.png ../data/lable/train/1/LFM/LFM_-6_37.png
../data/images/train/1/LFM/LFM_-6_119.png ../data/lable/train/1/LFM/LFM_-6_119.png
../data/images/train/1/LFM/LFM_-6_30.png ../data/lable/train/1/LFM/LFM_-6_30.png
../data/images/train/1/LFM/LFM_-6_197.png ../data/lable/train/1/LFM/LFM_-6_197.png
../data/images/train/1/LFM/LFM_-6_196.png ../data/lable/train/1/LFM/LFM_-6_196.png
../data/images/train/1/LFM/LFM_-6_149.png ../data/lable/train/1/LFM/LFM_-6_149.png
../data/images/train/1/LFM/LFM_-6_9.png ../data/lable/train/1/LFM/LFM_-6_9.png
../data/images/train/1/LFM/LFM_-6_130.png ../data/lable/train/1/LFM/LFM_-6_130.png
../data/images/train/1/LFM/LFM_-6_89.png ../data/lable/train/1/LFM/LFM_-6_89.png
../data/images/train/1/LFM/LFM_-6_174.png ../data/lable/train/1/LFM/LFM_-6_174.png
../data/images/train/1/LFM/LFM_-6_98.png ../data/lable/train/1/LFM/LFM_-6_98.png
../data/images/train/1/LFM/LFM_-6_128.png ../data/lable/train/1/LFM/LFM_-6_128.png
../data/images/train/1/LFM/LFM_-6_44.png ../data/lable/train/1/LFM/LFM_-6_44.png
../data/images/train/1/LFM/LFM_-6_112.png ../data/lable/train/1/LFM/LFM_-6_112.png
../data/images/train/1/LFM/LFM_-6_6.png ../data/lable/train/1/LFM/LFM_-6_6.png
../data/images/train/1/LFM/LFM_-6_75.png ../data/lable/train/1/LFM/LFM_-6_75.png
../data/images/train/1/LFM/LFM_-6_1.png ../data/lable/train/1/LFM/LFM_-6_1.png
../data/images/train/1/LFM/LFM_-6_188.png ../data/lable/train/1/LFM/LFM_-6_188.png
../data/images/train/1/LFM/LFM_-6_14.png ../data/lable/train/1/LFM/LFM_-6_14.png
../data/images/train/1/LFM/LFM_-6_151.png ../data/lable/train/1/LFM/LFM_-6_151.png
../data/images/train/1/LFM/LFM_-6_118.png ../data/lable/train/1/LFM/LFM_-6_118.png
../data/images/train/1/LFM/LFM_-6_135.png ../data/lable/train/1/LFM/LFM_-6_135.png
../data/images/train/1/LFM/LFM_-6_61.png ../data/lable/train/1/LFM/LFM_-6_61.png
../data/images/train/1/LFM/LFM_-6_66.png ../data/lable/train/1/LFM/LFM_-6_66.png
../data/images/train/1/LFM/LFM_-6_91.png ../data/lable/train/1/LFM/LFM_-6_91.png
../data/images/train/1/LFM/LFM_-6_8.png ../data/lable/train/1/LFM/LFM_-6_8.png
../data/images/train/1/LFM/LFM_-6_42.png ../data/lable/train/1/LFM/LFM_-6_42.png
../data/images/train/1/LFM/LFM_-6_67.png ../data/lable/train/1/LFM/LFM_-6_67.png
../data/images/train/1/LFM/LFM_-6_95.png ../data/lable/train/1/LFM/LFM_-6_95.png
../data/images/train/1/LFM/LFM_-6_190.png ../data/lable/train/1/LFM/LFM_-6_190.png
../data/images/train/1/LFM/LFM_-6_157.png ../data/lable/train/1/LFM/LFM_-6_157.png
../data/images/train/1/LFM/LFM_-6_96.png ../data/lable/train/1/LFM/LFM_-6_96.png
../data/images/train/1/LFM/LFM_-6_138.png ../data/lable/train/1/LFM/LFM_-6_138.png
../data/images/train/1/LFM/LFM_-6_172.png ../data/lable/train/1/LFM/LFM_-6_172.png
../data/images/train/1/LFM/LFM_-6_87.png ../data/lable/train/1/LFM/LFM_-6_87.png
../data/images/train/1/LFM/LFM_-6_187.png ../data/lable/train/1/LFM/LFM_-6_187.png
../data/images/train/1/LFM/LFM_-6_134.png ../data/lable/train/1/LFM/LFM_-6_134.png
../data/images/train/1/LFM/LFM_-6_51.png ../data/lable/train/1/LFM/LFM_-6_51.png
../data/images/train/1/LFM/LFM_-6_144.png ../data/lable/train/1/LFM/LFM_-6_144.png
../data/images/train/1/LFM/LFM_-6_101.png ../data/lable/train/1/LFM/LFM_-6_101.png
../data/images/train/1/LFM/LFM_-6_11.png ../data/lable/train/1/LFM/LFM_-6_11.png
../data/images/train/1/LFM/LFM_-6_200.png ../data/lable/train/1/LFM/LFM_-6_200.png
../data/images/train/1/LFM/LFM_-6_127.png ../data/lable/train/1/LFM/LFM_-6_127.png
../data/images/train/1/LFM/LFM_-6_139.png ../data/lable/train/1/LFM/LFM_-6_139.png
../data/images/train/1/LFM/LFM_-6_166.png ../data/lable/train/1/LFM/LFM_-6_166.png
../data/images/train/1/LFM/LFM_-6_124.png ../data/lable/train/1/LFM/LFM_-6_124.png
../data/images/train/1/LFM/LFM_-6_126.png ../data/lable/train/1/LFM/LFM_-6_126.png
../data/images/train/1/LFM/LFM_-6_35.png ../data/lable/train/1/LFM/LFM_-6_35.png
../data/images/train/1/LFM/LFM_-6_23.png ../data/lable/train/1/LFM/LFM_-6_23.png
../data/images/train/1/LFM/LFM_-6_156.png ../data/lable/train/1/LFM/LFM_-6_156.png
../data/images/train/1/LFM/LFM_-6_77.png ../data/lable/train/1/LFM/LFM_-6_77.png
../data/images/train/1/LFM/LFM_-6_92.png ../data/lable/train/1/LFM/LFM_-6_92.png
../data/images/train/1/LFM/LFM_-6_5.png ../data/lable/train/1/LFM/LFM_-6_5.png
../data/images/train/1/LFM/LFM_-6_106.png ../data/lable/train/1/LFM/LFM_-6_106.png
../data/images/train/1/LFM/LFM_-6_198.png ../data/lable/train/1/LFM/LFM_-6_198.png
../data/images/train/1/LFM/LFM_-6_111.png ../data/lable/train/1/LFM/LFM_-6_111.png
../data/images/train/1/LFM/LFM_-6_82.png ../data/lable/train/1/LFM/LFM_-6_82.png
../data/images/train/1/LFM/LFM_-6_123.png ../data/lable/train/1/LFM/LFM_-6_123.png
../data/images/train/1/LFM/LFM_-6_167.png ../data/lable/train/1/LFM/LFM_-6_167.png
../data/images/train/1/LFM/LFM_-6_120.png ../data/lable/train/1/LFM/LFM_-6_120.png
../data/images/train/1/LFM/LFM_-6_10.png ../data/lable/train/1/LFM/LFM_-6_10.png
../data/images/train/1/LFM/LFM_-6_113.png ../data/lable/train/1/LFM/LFM_-6_113.png
../data/images/train/1/LFM/LFM_-6_49.png ../data/lable/train/1/LFM/LFM_-6_49.png
../data/images/train/1/LFM/LFM_-6_137.png ../data/lable/train/1/LFM/LFM_-6_137.png
../data/images/train/1/LFM/LFM_-6_122.png ../data/lable/train/1/LFM/LFM_-6_122.png
../data/images/train/1/LFM/LFM_-6_158.png ../data/lable/train/1/LFM/LFM_-6_158.png
../data/images/train/1/LFM/LFM_-6_4.png ../data/lable/train/1/LFM/LFM_-6_4.png
../data/images/train/1/LFM/LFM_-6_147.png ../data/lable/train/1/LFM/LFM_-6_147.png
../data/images/train/1/LFM/LFM_-6_169.png ../data/lable/train/1/LFM/LFM_-6_169.png
../data/images/train/1/LFM/LFM_-6_132.png ../data/lable/train/1/LFM/LFM_-6_132.png
../data/images/train/1/LFM/LFM_-6_26.png ../data/lable/train/1/LFM/LFM_-6_26.png
../data/images/train/1/LFM/LFM_-6_99.png ../data/lable/train/1/LFM/LFM_-6_99.png
../data/images/train/1/LFM/LFM_-6_165.png ../data/lable/train/1/LFM/LFM_-6_165.png
../data/images/train/1/LFM/LFM_-6_21.png ../data/lable/train/1/LFM/LFM_-6_21.png
../data/images/train/1/LFM/LFM_-6_161.png ../data/lable/train/1/LFM/LFM_-6_161.png
../data/images/train/1/LFM/LFM_-6_41.png ../data/lable/train/1/LFM/LFM_-6_41.png
../data/images/train/1/LFM/LFM_-6_103.png ../data/lable/train/1/LFM/LFM_-6_103.png
../data/images/train/1/LFM/LFM_-6_181.png ../data/lable/train/1/LFM/LFM_-6_181.png
../data/images/train/1/LFM/LFM_-6_110.png ../data/lable/train/1/LFM/LFM_-6_110.png
../data/images/train/1/LFM/LFM_-6_163.png ../data/lable/train/1/LFM/LFM_-6_163.png
../data/images/train/1/LFM/LFM_-6_90.png ../data/lable/train/1/LFM/LFM_-6_90.png
../data/images/train/1/LFM/LFM_-6_54.png ../data/lable/train/1/LFM/LFM_-6_54.png
../data/images/train/1/LFM/LFM_-6_154.png ../data/lable/train/1/LFM/LFM_-6_154.png
../data/images/train/1/LFM/LFM_-6_115.png ../data/lable/train/1/LFM/LFM_-6_115.png
../data/images/train/1/LFM/LFM_-6_71.png ../data/lable/train/1/LFM/LFM_-6_71.png
../data/images/train/1/LFM/LFM_-6_176.png ../data/lable/train/1/LFM/LFM_-6_176.png
../data/images/train/1/LFM/LFM_-6_164.png ../data/lable/train/1/LFM/LFM_-6_164.png
../data/images/train/1/LFM/LFM_-6_12.png ../data/lable/train/1/LFM/LFM_-6_12.png
../data/images/train/1/LFM/LFM_-6_32.png ../data/lable/train/1/LFM/LFM_-6_32.png
../data/images/train/1/LFM/LFM_-6_70.png ../data/lable/train/1/LFM/LFM_-6_70.png
../data/images/train/1/LFM/LFM_-6_79.png ../data/lable/train/1/LFM/LFM_-6_79.png
../data/images/train/1/LFM/LFM_-6_17.png ../data/lable/train/1/LFM/LFM_-6_17.png
../data/images/train/1/LFM/LFM_-6_162.png ../data/lable/train/1/LFM/LFM_-6_162.png
../data/images/train/1/LFM/LFM_-6_153.png ../data/lable/train/1/LFM/LFM_-6_153.png
../data/images/train/1/LFM/LFM_-6_160.png ../data/lable/train/1/LFM/LFM_-6_160.png
../data/images/train/1/LFM/LFM_-6_94.png ../data/lable/train/1/LFM/LFM_-6_94.png
../data/images/train/1/LFM/LFM_-6_16.png ../data/lable/train/1/LFM/LFM_-6_16.png
../data/images/train/1/LFM/LFM_-6_191.png ../data/lable/train/1/LFM/LFM_-6_191.png
../data/images/train/1/LFM/LFM_-6_93.png ../data/lable/train/1/LFM/LFM_-6_93.png
../data/images/train/1/LFM/LFM_-6_64.png ../data/lable/train/1/LFM/LFM_-6_64.png
../data/images/train/1/LFM/LFM_-6_80.png ../data/lable/train/1/LFM/LFM_-6_80.png
../data/images/train/1/LFM/LFM_-6_182.png ../data/lable/train/1/LFM/LFM_-6_182.png
../data/images/train/1/LFM/LFM_-6_48.png ../data/lable/train/1/LFM/LFM_-6_48.png
../data/images/train/1/LFM/LFM_-6_52.png ../data/lable/train/1/LFM/LFM_-6_52.png
../data/images/train/1/LFM/LFM_-6_170.png ../data/lable/train/1/LFM/LFM_-6_170.png
../data/images/train/1/LFM/LFM_-6_194.png ../data/lable/train/1/LFM/LFM_-6_194.png
../data/images/train/1/LFM/LFM_-6_45.png ../data/lable/train/1/LFM/LFM_-6_45.png
../data/images/train/1/LFM/LFM_-6_83.png ../data/lable/train/1/LFM/LFM_-6_83.png
../data/images/train/1/LFM/LFM_-6_105.png ../data/lable/train/1/LFM/LFM_-6_105.png
../data/images/train/1/LFM/LFM_-6_56.png ../data/lable/train/1/LFM/LFM_-6_56.png
../data/images/train/1/LFM/LFM_-6_47.png ../data/lable/train/1/LFM/LFM_-6_47.png
../data/images/train/1/LFM/LFM_-6_116.png ../data/lable/train/1/LFM/LFM_-6_116.png
../data/images/train/1/LFM/LFM_-6_13.png ../data/lable/train/1/LFM/LFM_-6_13.png
../data/images/train/1/LFM/LFM_-6_68.png ../data/lable/train/1/LFM/LFM_-6_68.png
../data/images/train/1/LFM/LFM_-6_121.png ../data/lable/train/1/LFM/LFM_-6_121.png
../data/images/train/1/LFM/LFM_-6_58.png ../data/lable/train/1/LFM/LFM_-6_58.png
../data/images/train/1/LFM/LFM_-6_141.png ../data/lable/train/1/LFM/LFM_-6_141.png
../data/images/train/1/LFM/LFM_-6_50.png ../data/lable/train/1/LFM/LFM_-6_50.png
../data/images/train/1/LFM/LFM_-6_73.png ../data/lable/train/1/LFM/LFM_-6_73.png
../data/images/train/1/LFM/LFM_-6_85.png ../data/lable/train/1/LFM/LFM_-6_85.png
../data/images/train/1/LFM/LFM_-6_24.png ../data/lable/train/1/LFM/LFM_-6_24.png
../data/images/train/1/LFM/LFM_-6_193.png ../data/lable/train/1/LFM/LFM_-6_193.png
../data/images/train/1/LFM/LFM_-6_59.png ../data/lable/train/1/LFM/LFM_-6_59.png
../data/images/train/1/LFM/LFM_-6_195.png ../data/lable/train/1/LFM/LFM_-6_195.png
../data/images/train/1/LFM/LFM_-6_78.png ../data/lable/train/1/LFM/LFM_-6_78.png
../data/images/train/1/LFM/LFM_-6_125.png ../data/lable/train/1/LFM/LFM_-6_125.png
../data/images/train/1/LFM/LFM_-6_133.png ../data/lable/train/1/LFM/LFM_-6_133.png
../data/images/train/1/LFM/LFM_-6_39.png ../data/lable/train/1/LFM/LFM_-6_39.png
../data/images/train/1/LFM/LFM_-6_150.png ../data/lable/train/1/LFM/LFM_-6_150.png
../data/images/train/1/LFM/LFM_-6_3.png ../data/lable/train/1/LFM/LFM_-6_3.png
../data/images/train/1/LFM/LFM_-6_38.png ../data/lable/train/1/LFM/LFM_-6_38.png
../data/images/train/1/LFM/LFM_-6_65.png ../data/lable/train/1/LFM/LFM_-6_65.png
../data/images/train/1/LFM/LFM_-6_33.png ../data/lable/train/1/LFM/LFM_-6_33.png
../data/images/train/1/LFM/LFM_-6_148.png ../data/lable/train/1/LFM/LFM_-6_148.png
../data/images/train/1/LFM/LFM_-6_102.png ../data/lable/train/1/LFM/LFM_-6_102.png
../data/images/train/1/LFM/LFM_-6_131.png ../data/lable/train/1/LFM/LFM_-6_131.png
../data/images/train/1/LFM/LFM_-6_20.png ../data/lable/train/1/LFM/LFM_-6_20.png
../data/images/train/1/LFM/LFM_-6_43.png ../data/lable/train/1/LFM/LFM_-6_43.png
../data/images/train/1/LFM/LFM_-6_104.png ../data/lable/train/1/LFM/LFM_-6_104.png
../data/images/train/1/LFM/LFM_-6_108.png ../data/lable/train/1/LFM/LFM_-6_108.png
../data/images/train/1/LFM/LFM_-6_2.png ../data/lable/train/1/LFM/LFM_-6_2.png
../data/images/train/1/LFM/LFM_-6_180.png ../data/lable/train/1/LFM/LFM_-6_180.png
../data/images/train/1/LFM/LFM_-6_22.png ../data/lable/train/1/LFM/LFM_-6_22.png
../data/images/train/1/LFM/LFM_-6_140.png ../data/lable/train/1/LFM/LFM_-6_140.png
../data/images/train/1/LFM/LFM_-6_81.png ../data/lable/train/1/LFM/LFM_-6_81.png
../data/images/train/1/LFM/LFM_-6_76.png ../data/lable/train/1/LFM/LFM_-6_76.png
../data/images/train/1/LFM/LFM_-6_53.png ../data/lable/train/1/LFM/LFM_-6_53.png
../data/images/train/1/LFM/LFM_-6_31.png ../data/lable/train/1/LFM/LFM_-6_31.png
../data/images/train/1/LFM/LFM_-6_175.png ../data/lable/train/1/LFM/LFM_-6_175.png
../data/images/train/1/LFM/LFM_-6_142.png ../data/lable/train/1/LFM/LFM_-6_142.png
../data/images/train/1/LFM/LFM_-6_146.png ../data/lable/train/1/LFM/LFM_-6_146.png
../data/images/train/1/LFM/LFM_-6_199.png ../data/lable/train/1/LFM/LFM_-6_199.png
../data/images/train/1/LFM/LFM_-6_100.png ../data/lable/train/1/LFM/LFM_-6_100.png
../data/images/train/1/LFM/LFM_-6_84.png ../data/lable/train/1/LFM/LFM_-6_84.png
../data/images/train/1/LFM/LFM_-6_155.png ../data/lable/train/1/LFM/LFM_-6_155.png
../data/images/train/1/LFM/LFM_-6_117.png ../data/lable/train/1/LFM/LFM_-6_117.png
../data/images/train/1/LFM/LFM_-6_171.png ../data/lable/train/1/LFM/LFM_-6_171.png
../data/images/train/1/LFM/LFM_-6_69.png ../data/lable/train/1/LFM/LFM_-6_69.png
../data/images/train/1/LFM/LFM_-6_189.png ../data/lable/train/1/LFM/LFM_-6_189.png
../data/images/train/1/LFM/LFM_-6_74.png ../data/lable/train/1/LFM/LFM_-6_74.png
../data/images/train/1/LFM/LFM_-6_107.png ../data/lable/train/1/LFM/LFM_-6_107.png
../data/images/train/1/LFM/LFM_-6_186.png ../data/lable/train/1/LFM/LFM_-6_186.png
../data/images/train/1/LFM/LFM_-6_63.png ../data/lable/train/1/LFM/LFM_-6_63.png
../data/images/train/1/LFM/LFM_-6_178.png ../data/lable/train/1/LFM/LFM_-6_178.png
../data/images/train/1/LFM/LFM_-6_7.png ../data/lable/train/1/LFM/LFM_-6_7.png
../data/images/train/1/LFM/LFM_-6_27.png ../data/lable/train/1/LFM/LFM_-6_27.png
../data/images/train/1/LFM/LFM_-6_136.png ../data/lable/train/1/LFM/LFM_-6_136.png
../data/images/train/1/LFM/LFM_-6_34.png ../data/lable/train/1/LFM/LFM_-6_34.png
../data/images/train/1/LFM/LFM_-6_72.png ../data/lable/train/1/LFM/LFM_-6_72.png
../data/images/train/1/LFM/LFM_-6_36.png ../data/lable/train/1/LFM/LFM_-6_36.png
../data/images/train/1/LFM/LFM_-6_28.png ../data/lable/train/1/LFM/LFM_-6_28.png
../data/images/train/1/LFM/LFM_-6_114.png ../data/lable/train/1/LFM/LFM_-6_114.png
../data/images/train/1/LFM/LFM_-6_179.png ../data/lable/train/1/LFM/LFM_-6_179.png
../data/images/train/1/LFM/LFM_-6_15.png ../data/lable/train/1/LFM/LFM_-6_15.png
../data/images/train/1/LFM/LFM_-6_183.png ../data/lable/train/1/LFM/LFM_-6_183.png
../data/images/train/1/LFM/LFM_-6_62.png ../data/lable/train/1/LFM/LFM_-6_62.png
../data/images/train/1/LFM/LFM_-6_19.png ../data/lable/train/1/LFM/LFM_-6_19.png
../data/images/train/1/LFM/LFM_-6_55.png ../data/lable/train/1/LFM/LFM_-6_55.png
../data/images/train/1/LFM/LFM_-6_152.png ../data/lable/train/1/LFM/LFM_-6_152.png
../data/images/train/1/LFM/LFM_-6_129.png ../data/lable/train/1/LFM/LFM_-6_129.png
../data/images/train/1/LFM/LFM_-6_184.png ../data/lable/train/1/LFM/LFM_-6_184.png
../data/images/train/1/LFM/LFM_-6_86.png ../data/lable/train/1/LFM/LFM_-6_86.png
../data/images/train/1/LFM/LFM_-6_18.png ../data/lable/train/1/LFM/LFM_-6_18.png
../data/images/train/1/LFM/LFM_-6_29.png ../data/lable/train/1/LFM/LFM_-6_29.png
../data/images/train/1/LFM/LFM_-6_46.png ../data/lable/train/1/LFM/LFM_-6_46.png
../data/images/train/1/LFM/LFM_-6_145.png ../data/lable/train/1/LFM/LFM_-6_145.png
../data/images/train/1/LFM/LFM_-6_177.png ../data/lable/train/1/LFM/LFM_-6_177.png
../data/images/train/1/LFM/LFM_-6_88.png ../data/lable/train/1/LFM/LFM_-6_88.png
../data/images/train/1/LFM/LFM_-6_57.png ../data/lable/train/1/LFM/LFM_-6_57.png
../data/images/train/1/LFM/LFM_-6_185.png ../data/lable/train/1/LFM/LFM_-6_185.png
../data/images/train/1/LFM/LFM_-6_60.png ../data/lable/train/1/LFM/LFM_-6_60.png
../data/images/train/1/LFM/LFM_-6_97.png ../data/lable/train/1/LFM/LFM_-6_97.png
../data/images/train/1/LFM/LFM_-6_109.png ../data/lable/train/1/LFM/LFM_-6_109.png
../data/images/train/1/LFM/LFM_-6_173.png ../data/lable/train/1/LFM/LFM_-6_173.png
../data/images/train/1/LFM/LFM_-6_159.png ../data/lable/train/1/LFM/LFM_-6_159.png
../data/images/train/1/LFM/LFM_-6_143.png ../data/lable/train/1/LFM/LFM_-6_143.png
../data/images/train/1/LFM/LFM_-6_25.png ../data/lable/train/1/LFM/LFM_-6_25.png
../data/images/train/1/LFM/LFM_-6_168.png ../data/lable/train/1/LFM/LFM_-6_168.png
../data/images/train/1/LFM/LFM_-6_40.png ../data/lable/train/1/LFM/LFM_-6_40.png
../data/images/train/1/NLFM/NLFM_-6_64.png ../data/lable/train/1/NLFM/NLFM_-6_64.png
../data/images/train/1/NLFM/NLFM_-6_45.png ../data/lable/train/1/NLFM/NLFM_-6_45.png
../data/images/train/1/NLFM/NLFM_-6_170.png ../data/lable/train/1/NLFM/NLFM_-6_170.png
../data/images/train/1/NLFM/NLFM_-6_5.png ../data/lable/train/1/NLFM/NLFM_-6_5.png
../data/images/train/1/NLFM/NLFM_-6_198.png ../data/lable/train/1/NLFM/NLFM_-6_198.png
../data/images/train/1/NLFM/NLFM_-6_148.png ../data/lable/train/1/NLFM/NLFM_-6_148.png
../data/images/train/1/NLFM/NLFM_-6_189.png ../data/lable/train/1/NLFM/NLFM_-6_189.png
../data/images/train/1/NLFM/NLFM_-6_110.png ../data/lable/train/1/NLFM/NLFM_-6_110.png
../data/images/train/1/NLFM/NLFM_-6_125.png ../data/lable/train/1/NLFM/NLFM_-6_125.png
../data/images/train/1/NLFM/NLFM_-6_8.png ../data/lable/train/1/NLFM/NLFM_-6_8.png
../data/images/train/1/NLFM/NLFM_-6_52.png ../data/lable/train/1/NLFM/NLFM_-6_52.png
../data/images/train/1/NLFM/NLFM_-6_95.png ../data/lable/train/1/NLFM/NLFM_-6_95.png
../data/images/train/1/NLFM/NLFM_-6_147.png ../data/lable/train/1/NLFM/NLFM_-6_147.png
../data/images/train/1/NLFM/NLFM_-6_60.png ../data/lable/train/1/NLFM/NLFM_-6_60.png
../data/images/train/1/NLFM/NLFM_-6_84.png ../data/lable/train/1/NLFM/NLFM_-6_84.png
../data/images/train/1/NLFM/NLFM_-6_65.png ../data/lable/train/1/NLFM/NLFM_-6_65.png
../data/images/train/1/NLFM/NLFM_-6_98.png ../data/lable/train/1/NLFM/NLFM_-6_98.png
../data/images/train/1/NLFM/NLFM_-6_137.png ../data/lable/train/1/NLFM/NLFM_-6_137.png
../data/images/train/1/NLFM/NLFM_-6_143.png ../data/lable/train/1/NLFM/NLFM_-6_143.png
../data/images/train/1/NLFM/NLFM_-6_23.png ../data/lable/train/1/NLFM/NLFM_-6_23.png
../data/images/train/1/NLFM/NLFM_-6_103.png ../data/lable/train/1/NLFM/NLFM_-6_103.png
../data/images/train/1/NLFM/NLFM_-6_24.png ../data/lable/train/1/NLFM/NLFM_-6_24.png
../data/images/train/1/NLFM/NLFM_-6_176.png ../data/lable/train/1/NLFM/NLFM_-6_176.png
../data/images/train/1/NLFM/NLFM_-6_49.png ../data/lable/train/1/NLFM/NLFM_-6_49.png
../data/images/train/1/NLFM/NLFM_-6_114.png ../data/lable/train/1/NLFM/NLFM_-6_114.png
../data/images/train/1/NLFM/NLFM_-6_55.png ../data/lable/train/1/NLFM/NLFM_-6_55.png
../data/images/train/1/NLFM/NLFM_-6_83.png ../data/lable/train/1/NLFM/NLFM_-6_83.png
../data/images/train/1/NLFM/NLFM_-6_25.png ../data/lable/train/1/NLFM/NLFM_-6_25.png
../data/images/train/1/NLFM/NLFM_-6_36.png ../data/lable/train/1/NLFM/NLFM_-6_36.png
../data/images/train/1/NLFM/NLFM_-6_28.png ../data/lable/train/1/NLFM/NLFM_-6_28.png
../data/images/train/1/NLFM/NLFM_-6_18.png ../data/lable/train/1/NLFM/NLFM_-6_18.png
../data/images/train/1/NLFM/NLFM_-6_146.png ../data/lable/train/1/NLFM/NLFM_-6_146.png
../data/images/train/1/NLFM/NLFM_-6_86.png ../data/lable/train/1/NLFM/NLFM_-6_86.png
../data/images/train/1/NLFM/NLFM_-6_85.png ../data/lable/train/1/NLFM/NLFM_-6_85.png
../data/images/train/1/NLFM/NLFM_-6_165.png ../data/lable/train/1/NLFM/NLFM_-6_165.png
../data/images/train/1/NLFM/NLFM_-6_187.png ../data/lable/train/1/NLFM/NLFM_-6_187.png
../data/images/train/1/NLFM/NLFM_-6_156.png ../data/lable/train/1/NLFM/NLFM_-6_156.png
../data/images/train/1/NLFM/NLFM_-6_120.png ../data/lable/train/1/NLFM/NLFM_-6_120.png
../data/images/train/1/NLFM/NLFM_-6_56.png ../data/lable/train/1/NLFM/NLFM_-6_56.png
../data/images/train/1/NLFM/NLFM_-6_46.png ../data/lable/train/1/NLFM/NLFM_-6_46.png
../data/images/train/1/NLFM/NLFM_-6_50.png ../data/lable/train/1/NLFM/NLFM_-6_50.png
../data/images/train/1/NLFM/NLFM_-6_121.png ../data/lable/train/1/NLFM/NLFM_-6_121.png
../data/images/train/1/NLFM/NLFM_-6_21.png ../data/lable/train/1/NLFM/NLFM_-6_21.png
../data/images/train/1/NLFM/NLFM_-6_194.png ../data/lable/train/1/NLFM/NLFM_-6_194.png
../data/images/train/1/NLFM/NLFM_-6_27.png ../data/lable/train/1/NLFM/NLFM_-6_27.png
../data/images/train/1/NLFM/NLFM_-6_129.png ../data/lable/train/1/NLFM/NLFM_-6_129.png
../data/images/train/1/NLFM/NLFM_-6_100.png ../data/lable/train/1/NLFM/NLFM_-6_100.png
../data/images/train/1/NLFM/NLFM_-6_132.png ../data/lable/train/1/NLFM/NLFM_-6_132.png
../data/images/train/1/NLFM/NLFM_-6_164.png ../data/lable/train/1/NLFM/NLFM_-6_164.png
../data/images/train/1/NLFM/NLFM_-6_68.png ../data/lable/train/1/NLFM/NLFM_-6_68.png
../data/images/train/1/NLFM/NLFM_-6_2.png ../data/lable/train/1/NLFM/NLFM_-6_2.png
../data/images/train/1/NLFM/NLFM_-6_71.png ../data/lable/train/1/NLFM/NLFM_-6_71.png
../data/images/train/1/NLFM/NLFM_-6_74.png ../data/lable/train/1/NLFM/NLFM_-6_74.png
../data/images/train/1/NLFM/NLFM_-6_178.png ../data/lable/train/1/NLFM/NLFM_-6_178.png
../data/images/train/1/NLFM/NLFM_-6_186.png ../data/lable/train/1/NLFM/NLFM_-6_186.png
../data/images/train/1/NLFM/NLFM_-6_88.png ../data/lable/train/1/NLFM/NLFM_-6_88.png
../data/images/train/1/NLFM/NLFM_-6_42.png ../data/lable/train/1/NLFM/NLFM_-6_42.png
../data/images/train/1/NLFM/NLFM_-6_117.png ../data/lable/train/1/NLFM/NLFM_-6_117.png
../data/images/train/1/NLFM/NLFM_-6_6.png ../data/lable/train/1/NLFM/NLFM_-6_6.png
../data/images/train/1/NLFM/NLFM_-6_96.png ../data/lable/train/1/NLFM/NLFM_-6_96.png
../data/images/train/1/NLFM/NLFM_-6_159.png ../data/lable/train/1/NLFM/NLFM_-6_159.png
../data/images/train/1/NLFM/NLFM_-6_180.png ../data/lable/train/1/NLFM/NLFM_-6_180.png
../data/images/train/1/NLFM/NLFM_-6_62.png ../data/lable/train/1/NLFM/NLFM_-6_62.png
../data/images/train/1/NLFM/NLFM_-6_3.png ../data/lable/train/1/NLFM/NLFM_-6_3.png
../data/images/train/1/NLFM/NLFM_-6_35.png ../data/lable/train/1/NLFM/NLFM_-6_35.png
../data/images/train/1/NLFM/NLFM_-6_69.png ../data/lable/train/1/NLFM/NLFM_-6_69.png
../data/images/train/1/NLFM/NLFM_-6_185.png ../data/lable/train/1/NLFM/NLFM_-6_185.png
../data/images/train/1/NLFM/NLFM_-6_78.png ../data/lable/train/1/NLFM/NLFM_-6_78.png
../data/images/train/1/NLFM/NLFM_-6_76.png ../data/lable/train/1/NLFM/NLFM_-6_76.png
../data/images/train/1/NLFM/NLFM_-6_175.png ../data/lable/train/1/NLFM/NLFM_-6_175.png
../data/images/train/1/NLFM/NLFM_-6_196.png ../data/lable/train/1/NLFM/NLFM_-6_196.png
../data/images/train/1/NLFM/NLFM_-6_73.png ../data/lable/train/1/NLFM/NLFM_-6_73.png
../data/images/train/1/NLFM/NLFM_-6_38.png ../data/lable/train/1/NLFM/NLFM_-6_38.png
../data/images/train/1/NLFM/NLFM_-6_34.png ../data/lable/train/1/NLFM/NLFM_-6_34.png
../data/images/train/1/NLFM/NLFM_-6_190.png ../data/lable/train/1/NLFM/NLFM_-6_190.png
../data/images/train/1/NLFM/NLFM_-6_63.png ../data/lable/train/1/NLFM/NLFM_-6_63.png
../data/images/train/1/NLFM/NLFM_-6_111.png ../data/lable/train/1/NLFM/NLFM_-6_111.png
../data/images/train/1/NLFM/NLFM_-6_142.png ../data/lable/train/1/NLFM/NLFM_-6_142.png
../data/images/train/1/NLFM/NLFM_-6_179.png ../data/lable/train/1/NLFM/NLFM_-6_179.png
../data/images/train/1/NLFM/NLFM_-6_22.png ../data/lable/train/1/NLFM/NLFM_-6_22.png
../data/images/train/1/NLFM/NLFM_-6_135.png ../data/lable/train/1/NLFM/NLFM_-6_135.png
../data/images/train/1/NLFM/NLFM_-6_97.png ../data/lable/train/1/NLFM/NLFM_-6_97.png
../data/images/train/1/NLFM/NLFM_-6_152.png ../data/lable/train/1/NLFM/NLFM_-6_152.png
../data/images/train/1/NLFM/NLFM_-6_150.png ../data/lable/train/1/NLFM/NLFM_-6_150.png
../data/images/train/1/NLFM/NLFM_-6_26.png ../data/lable/train/1/NLFM/NLFM_-6_26.png
../data/images/train/1/NLFM/NLFM_-6_181.png ../data/lable/train/1/NLFM/NLFM_-6_181.png
../data/images/train/1/NLFM/NLFM_-6_15.png ../data/lable/train/1/NLFM/NLFM_-6_15.png
../data/images/train/1/NLFM/NLFM_-6_109.png ../data/lable/train/1/NLFM/NLFM_-6_109.png
../data/images/train/1/NLFM/NLFM_-6_51.png ../data/lable/train/1/NLFM/NLFM_-6_51.png
../data/images/train/1/NLFM/NLFM_-6_161.png ../data/lable/train/1/NLFM/NLFM_-6_161.png
../data/images/train/1/NLFM/NLFM_-6_29.png ../data/lable/train/1/NLFM/NLFM_-6_29.png
../data/images/train/1/NLFM/NLFM_-6_144.png ../data/lable/train/1/NLFM/NLFM_-6_144.png
../data/images/train/1/NLFM/NLFM_-6_54.png ../data/lable/train/1/NLFM/NLFM_-6_54.png
../data/images/train/1/NLFM/NLFM_-6_128.png ../data/lable/train/1/NLFM/NLFM_-6_128.png
../data/images/train/1/NLFM/NLFM_-6_70.png ../data/lable/train/1/NLFM/NLFM_-6_70.png
../data/images/train/1/NLFM/NLFM_-6_9.png ../data/lable/train/1/NLFM/NLFM_-6_9.png
../data/images/train/1/NLFM/NLFM_-6_131.png ../data/lable/train/1/NLFM/NLFM_-6_131.png
../data/images/train/1/NLFM/NLFM_-6_183.png ../data/lable/train/1/NLFM/NLFM_-6_183.png
../data/images/train/1/NLFM/NLFM_-6_99.png ../data/lable/train/1/NLFM/NLFM_-6_99.png
../data/images/train/1/NLFM/NLFM_-6_116.png ../data/lable/train/1/NLFM/NLFM_-6_116.png
../data/images/train/1/NLFM/NLFM_-6_80.png ../data/lable/train/1/NLFM/NLFM_-6_80.png
../data/images/train/1/NLFM/NLFM_-6_39.png ../data/lable/train/1/NLFM/NLFM_-6_39.png
../data/images/train/1/NLFM/NLFM_-6_149.png ../data/lable/train/1/NLFM/NLFM_-6_149.png
../data/images/train/1/NLFM/NLFM_-6_89.png ../data/lable/train/1/NLFM/NLFM_-6_89.png
../data/images/train/1/NLFM/NLFM_-6_200.png ../data/lable/train/1/NLFM/NLFM_-6_200.png
../data/images/train/1/NLFM/NLFM_-6_123.png ../data/lable/train/1/NLFM/NLFM_-6_123.png
../data/images/train/1/NLFM/NLFM_-6_48.png ../data/lable/train/1/NLFM/NLFM_-6_48.png
../data/images/train/1/NLFM/NLFM_-6_12.png ../data/lable/train/1/NLFM/NLFM_-6_12.png
../data/images/train/1/NLFM/NLFM_-6_16.png ../data/lable/train/1/NLFM/NLFM_-6_16.png
../data/images/train/1/NLFM/NLFM_-6_79.png ../data/lable/train/1/NLFM/NLFM_-6_79.png
../data/images/train/1/NLFM/NLFM_-6_37.png ../data/lable/train/1/NLFM/NLFM_-6_37.png
../data/images/train/1/NLFM/NLFM_-6_199.png ../data/lable/train/1/NLFM/NLFM_-6_199.png
../data/images/train/1/NLFM/NLFM_-6_115.png ../data/lable/train/1/NLFM/NLFM_-6_115.png
../data/images/train/1/NLFM/NLFM_-6_162.png ../data/lable/train/1/NLFM/NLFM_-6_162.png
../data/images/train/1/NLFM/NLFM_-6_59.png ../data/lable/train/1/NLFM/NLFM_-6_59.png
../data/images/train/1/NLFM/NLFM_-6_174.png ../data/lable/train/1/NLFM/NLFM_-6_174.png
../data/images/train/1/NLFM/NLFM_-6_66.png ../data/lable/train/1/NLFM/NLFM_-6_66.png
../data/images/train/1/NLFM/NLFM_-6_171.png ../data/lable/train/1/NLFM/NLFM_-6_171.png
../data/images/train/1/NLFM/NLFM_-6_168.png ../data/lable/train/1/NLFM/NLFM_-6_168.png
../data/images/train/1/NLFM/NLFM_-6_160.png ../data/lable/train/1/NLFM/NLFM_-6_160.png
../data/images/train/1/NLFM/NLFM_-6_191.png ../data/lable/train/1/NLFM/NLFM_-6_191.png
../data/images/train/1/NLFM/NLFM_-6_106.png ../data/lable/train/1/NLFM/NLFM_-6_106.png
../data/images/train/1/NLFM/NLFM_-6_136.png ../data/lable/train/1/NLFM/NLFM_-6_136.png
../data/images/train/1/NLFM/NLFM_-6_82.png ../data/lable/train/1/NLFM/NLFM_-6_82.png
../data/images/train/1/NLFM/NLFM_-6_72.png ../data/lable/train/1/NLFM/NLFM_-6_72.png
../data/images/train/1/NLFM/NLFM_-6_153.png ../data/lable/train/1/NLFM/NLFM_-6_153.png
../data/images/train/1/NLFM/NLFM_-6_102.png ../data/lable/train/1/NLFM/NLFM_-6_102.png
../data/images/train/1/NLFM/NLFM_-6_197.png ../data/lable/train/1/NLFM/NLFM_-6_197.png
../data/images/train/1/NLFM/NLFM_-6_32.png ../data/lable/train/1/NLFM/NLFM_-6_32.png
../data/images/train/1/NLFM/NLFM_-6_53.png ../data/lable/train/1/NLFM/NLFM_-6_53.png
../data/images/train/1/NLFM/NLFM_-6_4.png ../data/lable/train/1/NLFM/NLFM_-6_4.png
../data/images/train/1/NLFM/NLFM_-6_87.png ../data/lable/train/1/NLFM/NLFM_-6_87.png
../data/images/train/1/NLFM/NLFM_-6_47.png ../data/lable/train/1/NLFM/NLFM_-6_47.png
../data/images/train/1/NLFM/NLFM_-6_133.png ../data/lable/train/1/NLFM/NLFM_-6_133.png
../data/images/train/1/NLFM/NLFM_-6_167.png ../data/lable/train/1/NLFM/NLFM_-6_167.png
../data/images/train/1/NLFM/NLFM_-6_157.png ../data/lable/train/1/NLFM/NLFM_-6_157.png
../data/images/train/1/NLFM/NLFM_-6_155.png ../data/lable/train/1/NLFM/NLFM_-6_155.png
../data/images/train/1/NLFM/NLFM_-6_67.png ../data/lable/train/1/NLFM/NLFM_-6_67.png
../data/images/train/1/NLFM/NLFM_-6_107.png ../data/lable/train/1/NLFM/NLFM_-6_107.png
../data/images/train/1/NLFM/NLFM_-6_122.png ../data/lable/train/1/NLFM/NLFM_-6_122.png
../data/images/train/1/NLFM/NLFM_-6_19.png ../data/lable/train/1/NLFM/NLFM_-6_19.png
../data/images/train/1/NLFM/NLFM_-6_14.png ../data/lable/train/1/NLFM/NLFM_-6_14.png
../data/images/train/1/NLFM/NLFM_-6_20.png ../data/lable/train/1/NLFM/NLFM_-6_20.png
../data/images/train/1/NLFM/NLFM_-6_140.png ../data/lable/train/1/NLFM/NLFM_-6_140.png
../data/images/train/1/NLFM/NLFM_-6_1.png ../data/lable/train/1/NLFM/NLFM_-6_1.png
../data/images/train/1/NLFM/NLFM_-6_112.png ../data/lable/train/1/NLFM/NLFM_-6_112.png
../data/images/train/1/NLFM/NLFM_-6_158.png ../data/lable/train/1/NLFM/NLFM_-6_158.png
../data/images/train/1/NLFM/NLFM_-6_127.png ../data/lable/train/1/NLFM/NLFM_-6_127.png
../data/images/train/1/NLFM/NLFM_-6_10.png ../data/lable/train/1/NLFM/NLFM_-6_10.png
../data/images/train/1/NLFM/NLFM_-6_81.png ../data/lable/train/1/NLFM/NLFM_-6_81.png
../data/images/train/1/NLFM/NLFM_-6_94.png ../data/lable/train/1/NLFM/NLFM_-6_94.png
../data/images/train/1/NLFM/NLFM_-6_192.png ../data/lable/train/1/NLFM/NLFM_-6_192.png
../data/images/train/1/NLFM/NLFM_-6_193.png ../data/lable/train/1/NLFM/NLFM_-6_193.png
../data/images/train/1/NLFM/NLFM_-6_33.png ../data/lable/train/1/NLFM/NLFM_-6_33.png
../data/images/train/1/NLFM/NLFM_-6_101.png ../data/lable/train/1/NLFM/NLFM_-6_101.png
../data/images/train/1/NLFM/NLFM_-6_93.png ../data/lable/train/1/NLFM/NLFM_-6_93.png
../data/images/train/1/NLFM/NLFM_-6_77.png ../data/lable/train/1/NLFM/NLFM_-6_77.png
../data/images/train/1/NLFM/NLFM_-6_119.png ../data/lable/train/1/NLFM/NLFM_-6_119.png
../data/images/train/1/NLFM/NLFM_-6_141.png ../data/lable/train/1/NLFM/NLFM_-6_141.png
../data/images/train/1/NLFM/NLFM_-6_105.png ../data/lable/train/1/NLFM/NLFM_-6_105.png
../data/images/train/1/NLFM/NLFM_-6_90.png ../data/lable/train/1/NLFM/NLFM_-6_90.png
../data/images/train/1/NLFM/NLFM_-6_138.png ../data/lable/train/1/NLFM/NLFM_-6_138.png
../data/images/train/1/NLFM/NLFM_-6_41.png ../data/lable/train/1/NLFM/NLFM_-6_41.png
../data/images/train/1/NLFM/NLFM_-6_173.png ../data/lable/train/1/NLFM/NLFM_-6_173.png
../data/images/train/1/NLFM/NLFM_-6_43.png ../data/lable/train/1/NLFM/NLFM_-6_43.png
../data/images/train/1/NLFM/NLFM_-6_104.png ../data/lable/train/1/NLFM/NLFM_-6_104.png
../data/images/train/1/NLFM/NLFM_-6_195.png ../data/lable/train/1/NLFM/NLFM_-6_195.png
../data/images/train/1/NLFM/NLFM_-6_182.png ../data/lable/train/1/NLFM/NLFM_-6_182.png
../data/images/train/1/NLFM/NLFM_-6_130.png ../data/lable/train/1/NLFM/NLFM_-6_130.png
../data/images/train/1/NLFM/NLFM_-6_17.png ../data/lable/train/1/NLFM/NLFM_-6_17.png
../data/images/train/1/NLFM/NLFM_-6_163.png ../data/lable/train/1/NLFM/NLFM_-6_163.png
../data/images/train/1/NLFM/NLFM_-6_134.png ../data/lable/train/1/NLFM/NLFM_-6_134.png
../data/images/train/1/NLFM/NLFM_-6_11.png ../data/lable/train/1/NLFM/NLFM_-6_11.png
../data/images/train/1/NLFM/NLFM_-6_61.png ../data/lable/train/1/NLFM/NLFM_-6_61.png
../data/images/train/1/NLFM/NLFM_-6_7.png ../data/lable/train/1/NLFM/NLFM_-6_7.png
../data/images/train/1/NLFM/NLFM_-6_184.png ../data/lable/train/1/NLFM/NLFM_-6_184.png
../data/images/train/1/NLFM/NLFM_-6_126.png ../data/lable/train/1/NLFM/NLFM_-6_126.png
../data/images/train/1/NLFM/NLFM_-6_58.png ../data/lable/train/1/NLFM/NLFM_-6_58.png
../data/images/train/1/NLFM/NLFM_-6_13.png ../data/lable/train/1/NLFM/NLFM_-6_13.png
../data/images/train/1/NLFM/NLFM_-6_108.png ../data/lable/train/1/NLFM/NLFM_-6_108.png
../data/images/train/1/NLFM/NLFM_-6_113.png ../data/lable/train/1/NLFM/NLFM_-6_113.png
../data/images/train/1/NLFM/NLFM_-6_91.png ../data/lable/train/1/NLFM/NLFM_-6_91.png
../data/images/train/1/NLFM/NLFM_-6_151.png ../data/lable/train/1/NLFM/NLFM_-6_151.png
../data/images/train/1/NLFM/NLFM_-6_166.png ../data/lable/train/1/NLFM/NLFM_-6_166.png
../data/images/train/1/NLFM/NLFM_-6_57.png ../data/lable/train/1/NLFM/NLFM_-6_57.png
../data/images/train/1/NLFM/NLFM_-6_154.png ../data/lable/train/1/NLFM/NLFM_-6_154.png
../data/images/train/1/NLFM/NLFM_-6_30.png ../data/lable/train/1/NLFM/NLFM_-6_30.png
../data/images/train/1/NLFM/NLFM_-6_92.png ../data/lable/train/1/NLFM/NLFM_-6_92.png
../data/images/train/1/NLFM/NLFM_-6_177.png ../data/lable/train/1/NLFM/NLFM_-6_177.png
../data/images/train/1/NLFM/NLFM_-6_139.png ../data/lable/train/1/NLFM/NLFM_-6_139.png
../data/images/train/1/NLFM/NLFM_-6_188.png ../data/lable/train/1/NLFM/NLFM_-6_188.png
../data/images/train/1/NLFM/NLFM_-6_31.png ../data/lable/train/1/NLFM/NLFM_-6_31.png
../data/images/train/1/NLFM/NLFM_-6_172.png ../data/lable/train/1/NLFM/NLFM_-6_172.png
../data/images/train/1/NLFM/NLFM_-6_124.png ../data/lable/train/1/NLFM/NLFM_-6_124.png
../data/images/train/1/NLFM/NLFM_-6_40.png ../data/lable/train/1/NLFM/NLFM_-6_40.png
../data/images/train/1/NLFM/NLFM_-6_44.png ../data/lable/train/1/NLFM/NLFM_-6_44.png
../data/images/train/1/NLFM/NLFM_-6_145.png ../data/lable/train/1/NLFM/NLFM_-6_145.png
../data/images/train/1/NLFM/NLFM_-6_118.png ../data/lable/train/1/NLFM/NLFM_-6_118.png
../data/images/train/1/NLFM/NLFM_-6_169.png ../data/lable/train/1/NLFM/NLFM_-6_169.png
../data/images/train/1/NLFM/NLFM_-6_75.png ../data/lable/train/1/NLFM/NLFM_-6_75.png
../data/images/train/1/SFM/SFM_-6_105.png ../data/lable/train/1/SFM/SFM_-6_105.png
../data/images/train/1/SFM/SFM_-6_188.png ../data/lable/train/1/SFM/SFM_-6_188.png
../data/images/train/1/SFM/SFM_-6_1.png ../data/lable/train/1/SFM/SFM_-6_1.png
../data/images/train/1/SFM/SFM_-6_56.png ../data/lable/train/1/SFM/SFM_-6_56.png
../data/images/train/1/SFM/SFM_-6_142.png ../data/lable/train/1/SFM/SFM_-6_142.png
../data/images/train/1/SFM/SFM_-6_141.png ../data/lable/train/1/SFM/SFM_-6_141.png
../data/images/train/1/SFM/SFM_-6_150.png ../data/lable/train/1/SFM/SFM_-6_150.png
../data/images/train/1/SFM/SFM_-6_80.png ../data/lable/train/1/SFM/SFM_-6_80.png
../data/images/train/1/SFM/SFM_-6_26.png ../data/lable/train/1/SFM/SFM_-6_26.png
../data/images/train/1/SFM/SFM_-6_103.png ../data/lable/train/1/SFM/SFM_-6_103.png
../data/images/train/1/SFM/SFM_-6_52.png ../data/lable/train/1/SFM/SFM_-6_52.png
../data/images/train/1/SFM/SFM_-6_47.png ../data/lable/train/1/SFM/SFM_-6_47.png
../data/images/train/1/SFM/SFM_-6_144.png ../data/lable/train/1/SFM/SFM_-6_144.png
../data/images/train/1/SFM/SFM_-6_57.png ../data/lable/train/1/SFM/SFM_-6_57.png
../data/images/train/1/SFM/SFM_-6_108.png ../data/lable/train/1/SFM/SFM_-6_108.png
../data/images/train/1/SFM/SFM_-6_173.png ../data/lable/train/1/SFM/SFM_-6_173.png
../data/images/train/1/SFM/SFM_-6_40.png ../data/lable/train/1/SFM/SFM_-6_40.png
../data/images/train/1/SFM/SFM_-6_46.png ../data/lable/train/1/SFM/SFM_-6_46.png
../data/images/train/1/SFM/SFM_-6_58.png ../data/lable/train/1/SFM/SFM_-6_58.png
../data/images/train/1/SFM/SFM_-6_194.png ../data/lable/train/1/SFM/SFM_-6_194.png
../data/images/train/1/SFM/SFM_-6_200.png ../data/lable/train/1/SFM/SFM_-6_200.png
../data/images/train/1/SFM/SFM_-6_74.png ../data/lable/train/1/SFM/SFM_-6_74.png
../data/images/train/1/SFM/SFM_-6_167.png ../data/lable/train/1/SFM/SFM_-6_167.png
../data/images/train/1/SFM/SFM_-6_113.png ../data/lable/train/1/SFM/SFM_-6_113.png
../data/images/train/1/SFM/SFM_-6_87.png ../data/lable/train/1/SFM/SFM_-6_87.png
../data/images/train/1/SFM/SFM_-6_92.png ../data/lable/train/1/SFM/SFM_-6_92.png
../data/images/train/1/SFM/SFM_-6_81.png ../data/lable/train/1/SFM/SFM_-6_81.png
../data/images/train/1/SFM/SFM_-6_129.png ../data/lable/train/1/SFM/SFM_-6_129.png
../data/images/train/1/SFM/SFM_-6_99.png ../data/lable/train/1/SFM/SFM_-6_99.png
../data/images/train/1/SFM/SFM_-6_106.png ../data/lable/train/1/SFM/SFM_-6_106.png
../data/images/train/1/SFM/SFM_-6_65.png ../data/lable/train/1/SFM/SFM_-6_65.png
../data/images/train/1/SFM/SFM_-6_174.png ../data/lable/train/1/SFM/SFM_-6_174.png
../data/images/train/1/SFM/SFM_-6_34.png ../data/lable/train/1/SFM/SFM_-6_34.png
../data/images/train/1/SFM/SFM_-6_146.png ../data/lable/train/1/SFM/SFM_-6_146.png
../data/images/train/1/SFM/SFM_-6_55.png ../data/lable/train/1/SFM/SFM_-6_55.png
../data/images/train/1/SFM/SFM_-6_79.png ../data/lable/train/1/SFM/SFM_-6_79.png
../data/images/train/1/SFM/SFM_-6_119.png ../data/lable/train/1/SFM/SFM_-6_119.png
../data/images/train/1/SFM/SFM_-6_114.png ../data/lable/train/1/SFM/SFM_-6_114.png
../data/images/train/1/SFM/SFM_-6_160.png ../data/lable/train/1/SFM/SFM_-6_160.png
../data/images/train/1/SFM/SFM_-6_117.png ../data/lable/train/1/SFM/SFM_-6_117.png
../data/images/train/1/SFM/SFM_-6_22.png ../data/lable/train/1/SFM/SFM_-6_22.png
../data/images/train/1/SFM/SFM_-6_63.png ../data/lable/train/1/SFM/SFM_-6_63.png
../data/images/train/1/SFM/SFM_-6_27.png ../data/lable/train/1/SFM/SFM_-6_27.png
../data/images/train/1/SFM/SFM_-6_6.png ../data/lable/train/1/SFM/SFM_-6_6.png
../data/images/train/1/SFM/SFM_-6_125.png ../data/lable/train/1/SFM/SFM_-6_125.png
../data/images/train/1/SFM/SFM_-6_138.png ../data/lable/train/1/SFM/SFM_-6_138.png
../data/images/train/1/SFM/SFM_-6_94.png ../data/lable/train/1/SFM/SFM_-6_94.png
../data/images/train/1/SFM/SFM_-6_28.png ../data/lable/train/1/SFM/SFM_-6_28.png
../data/images/train/1/SFM/SFM_-6_184.png ../data/lable/train/1/SFM/SFM_-6_184.png
../data/images/train/1/SFM/SFM_-6_134.png ../data/lable/train/1/SFM/SFM_-6_134.png
../data/images/train/1/SFM/SFM_-6_9.png ../data/lable/train/1/SFM/SFM_-6_9.png
../data/images/train/1/SFM/SFM_-6_82.png ../data/lable/train/1/SFM/SFM_-6_82.png
../data/images/train/1/SFM/SFM_-6_131.png ../data/lable/train/1/SFM/SFM_-6_131.png
../data/images/train/1/SFM/SFM_-6_140.png ../data/lable/train/1/SFM/SFM_-6_140.png
../data/images/train/1/SFM/SFM_-6_41.png ../data/lable/train/1/SFM/SFM_-6_41.png
../data/images/train/1/SFM/SFM_-6_18.png ../data/lable/train/1/SFM/SFM_-6_18.png
../data/images/train/1/SFM/SFM_-6_44.png ../data/lable/train/1/SFM/SFM_-6_44.png
../data/images/train/1/SFM/SFM_-6_64.png ../data/lable/train/1/SFM/SFM_-6_64.png
../data/images/train/1/SFM/SFM_-6_172.png ../data/lable/train/1/SFM/SFM_-6_172.png
../data/images/train/1/SFM/SFM_-6_88.png ../data/lable/train/1/SFM/SFM_-6_88.png
../data/images/train/1/SFM/SFM_-6_96.png ../data/lable/train/1/SFM/SFM_-6_96.png
../data/images/train/1/SFM/SFM_-6_149.png ../data/lable/train/1/SFM/SFM_-6_149.png
../data/images/train/1/SFM/SFM_-6_83.png ../data/lable/train/1/SFM/SFM_-6_83.png
../data/images/train/1/SFM/SFM_-6_73.png ../data/lable/train/1/SFM/SFM_-6_73.png
../data/images/train/1/SFM/SFM_-6_84.png ../data/lable/train/1/SFM/SFM_-6_84.png
../data/images/train/1/SFM/SFM_-6_170.png ../data/lable/train/1/SFM/SFM_-6_170.png
../data/images/train/1/SFM/SFM_-6_38.png ../data/lable/train/1/SFM/SFM_-6_38.png
../data/images/train/1/SFM/SFM_-6_32.png ../data/lable/train/1/SFM/SFM_-6_32.png
../data/images/train/1/SFM/SFM_-6_15.png ../data/lable/train/1/SFM/SFM_-6_15.png
../data/images/train/1/SFM/SFM_-6_145.png ../data/lable/train/1/SFM/SFM_-6_145.png
../data/images/train/1/SFM/SFM_-6_100.png ../data/lable/train/1/SFM/SFM_-6_100.png
../data/images/train/1/SFM/SFM_-6_164.png ../data/lable/train/1/SFM/SFM_-6_164.png
../data/images/train/1/SFM/SFM_-6_178.png ../data/lable/train/1/SFM/SFM_-6_178.png
../data/images/train/1/SFM/SFM_-6_7.png ../data/lable/train/1/SFM/SFM_-6_7.png
../data/images/train/1/SFM/SFM_-6_23.png ../data/lable/train/1/SFM/SFM_-6_23.png
../data/images/train/1/SFM/SFM_-6_24.png ../data/lable/train/1/SFM/SFM_-6_24.png
../data/images/train/1/SFM/SFM_-6_121.png ../data/lable/train/1/SFM/SFM_-6_121.png
../data/images/train/1/SFM/SFM_-6_4.png ../data/lable/train/1/SFM/SFM_-6_4.png
../data/images/train/1/SFM/SFM_-6_61.png ../data/lable/train/1/SFM/SFM_-6_61.png
../data/images/train/1/SFM/SFM_-6_98.png ../data/lable/train/1/SFM/SFM_-6_98.png
../data/images/train/1/SFM/SFM_-6_48.png ../data/lable/train/1/SFM/SFM_-6_48.png
../data/images/train/1/SFM/SFM_-6_66.png ../data/lable/train/1/SFM/SFM_-6_66.png
../data/images/train/1/SFM/SFM_-6_156.png ../data/lable/train/1/SFM/SFM_-6_156.png
../data/images/train/1/SFM/SFM_-6_159.png ../data/lable/train/1/SFM/SFM_-6_159.png
../data/images/train/1/SFM/SFM_-6_97.png ../data/lable/train/1/SFM/SFM_-6_97.png
../data/images/train/1/SFM/SFM_-6_124.png ../data/lable/train/1/SFM/SFM_-6_124.png
../data/images/train/1/SFM/SFM_-6_3.png ../data/lable/train/1/SFM/SFM_-6_3.png
../data/images/train/1/SFM/SFM_-6_154.png ../data/lable/train/1/SFM/SFM_-6_154.png
../data/images/train/1/SFM/SFM_-6_69.png ../data/lable/train/1/SFM/SFM_-6_69.png
../data/images/train/1/SFM/SFM_-6_180.png ../data/lable/train/1/SFM/SFM_-6_180.png
../data/images/train/1/SFM/SFM_-6_147.png ../data/lable/train/1/SFM/SFM_-6_147.png
../data/images/train/1/SFM/SFM_-6_143.png ../data/lable/train/1/SFM/SFM_-6_143.png
../data/images/train/1/SFM/SFM_-6_17.png ../data/lable/train/1/SFM/SFM_-6_17.png
../data/images/train/1/SFM/SFM_-6_115.png ../data/lable/train/1/SFM/SFM_-6_115.png
../data/images/train/1/SFM/SFM_-6_2.png ../data/lable/train/1/SFM/SFM_-6_2.png
../data/images/train/1/SFM/SFM_-6_120.png ../data/lable/train/1/SFM/SFM_-6_120.png
../data/images/train/1/SFM/SFM_-6_89.png ../data/lable/train/1/SFM/SFM_-6_89.png
../data/images/train/1/SFM/SFM_-6_128.png ../data/lable/train/1/SFM/SFM_-6_128.png
../data/images/train/1/SFM/SFM_-6_135.png ../data/lable/train/1/SFM/SFM_-6_135.png
../data/images/train/1/SFM/SFM_-6_192.png ../data/lable/train/1/SFM/SFM_-6_192.png
../data/images/train/1/SFM/SFM_-6_91.png ../data/lable/train/1/SFM/SFM_-6_91.png
../data/images/train/1/SFM/SFM_-6_68.png ../data/lable/train/1/SFM/SFM_-6_68.png
../data/images/train/1/SFM/SFM_-6_181.png ../data/lable/train/1/SFM/SFM_-6_181.png
../data/images/train/1/SFM/SFM_-6_109.png ../data/lable/train/1/SFM/SFM_-6_109.png
../data/images/train/1/SFM/SFM_-6_11.png ../data/lable/train/1/SFM/SFM_-6_11.png
../data/images/train/1/SFM/SFM_-6_182.png ../data/lable/train/1/SFM/SFM_-6_182.png
../data/images/train/1/SFM/SFM_-6_25.png ../data/lable/train/1/SFM/SFM_-6_25.png
../data/images/train/1/SFM/SFM_-6_51.png ../data/lable/train/1/SFM/SFM_-6_51.png
../data/images/train/1/SFM/SFM_-6_191.png ../data/lable/train/1/SFM/SFM_-6_191.png
../data/images/train/1/SFM/SFM_-6_162.png ../data/lable/train/1/SFM/SFM_-6_162.png
../data/images/train/1/SFM/SFM_-6_139.png ../data/lable/train/1/SFM/SFM_-6_139.png
../data/images/train/1/SFM/SFM_-6_49.png ../data/lable/train/1/SFM/SFM_-6_49.png
../data/images/train/1/SFM/SFM_-6_166.png ../data/lable/train/1/SFM/SFM_-6_166.png
../data/images/train/1/SFM/SFM_-6_12.png ../data/lable/train/1/SFM/SFM_-6_12.png
../data/images/train/1/SFM/SFM_-6_76.png ../data/lable/train/1/SFM/SFM_-6_76.png
../data/images/train/1/SFM/SFM_-6_110.png ../data/lable/train/1/SFM/SFM_-6_110.png
../data/images/train/1/SFM/SFM_-6_157.png ../data/lable/train/1/SFM/SFM_-6_157.png
../data/images/train/1/SFM/SFM_-6_151.png ../data/lable/train/1/SFM/SFM_-6_151.png
../data/images/train/1/SFM/SFM_-6_137.png ../data/lable/train/1/SFM/SFM_-6_137.png
../data/images/train/1/SFM/SFM_-6_169.png ../data/lable/train/1/SFM/SFM_-6_169.png
../data/images/train/1/SFM/SFM_-6_78.png ../data/lable/train/1/SFM/SFM_-6_78.png
../data/images/train/1/SFM/SFM_-6_71.png ../data/lable/train/1/SFM/SFM_-6_71.png
../data/images/train/1/SFM/SFM_-6_21.png ../data/lable/train/1/SFM/SFM_-6_21.png
../data/images/train/1/SFM/SFM_-6_176.png ../data/lable/train/1/SFM/SFM_-6_176.png
../data/images/train/1/SFM/SFM_-6_77.png ../data/lable/train/1/SFM/SFM_-6_77.png
../data/images/train/1/SFM/SFM_-6_45.png ../data/lable/train/1/SFM/SFM_-6_45.png
../data/images/train/1/SFM/SFM_-6_33.png ../data/lable/train/1/SFM/SFM_-6_33.png
../data/images/train/1/SFM/SFM_-6_158.png ../data/lable/train/1/SFM/SFM_-6_158.png
../data/images/train/1/SFM/SFM_-6_70.png ../data/lable/train/1/SFM/SFM_-6_70.png
../data/images/train/1/SFM/SFM_-6_196.png ../data/lable/train/1/SFM/SFM_-6_196.png
../data/images/train/1/SFM/SFM_-6_161.png ../data/lable/train/1/SFM/SFM_-6_161.png
../data/images/train/1/SFM/SFM_-6_39.png ../data/lable/train/1/SFM/SFM_-6_39.png
../data/images/train/1/SFM/SFM_-6_190.png ../data/lable/train/1/SFM/SFM_-6_190.png
../data/images/train/1/SFM/SFM_-6_132.png ../data/lable/train/1/SFM/SFM_-6_132.png
../data/images/train/1/SFM/SFM_-6_189.png ../data/lable/train/1/SFM/SFM_-6_189.png
../data/images/train/1/SFM/SFM_-6_155.png ../data/lable/train/1/SFM/SFM_-6_155.png
../data/images/train/1/SFM/SFM_-6_10.png ../data/lable/train/1/SFM/SFM_-6_10.png
../data/images/train/1/SFM/SFM_-6_116.png ../data/lable/train/1/SFM/SFM_-6_116.png
../data/images/train/1/SFM/SFM_-6_31.png ../data/lable/train/1/SFM/SFM_-6_31.png
../data/images/train/1/SFM/SFM_-6_198.png ../data/lable/train/1/SFM/SFM_-6_198.png
../data/images/train/1/SFM/SFM_-6_130.png ../data/lable/train/1/SFM/SFM_-6_130.png
../data/images/train/1/SFM/SFM_-6_59.png ../data/lable/train/1/SFM/SFM_-6_59.png
../data/images/train/1/SFM/SFM_-6_186.png ../data/lable/train/1/SFM/SFM_-6_186.png
../data/images/train/1/SFM/SFM_-6_199.png ../data/lable/train/1/SFM/SFM_-6_199.png
../data/images/train/1/SFM/SFM_-6_75.png ../data/lable/train/1/SFM/SFM_-6_75.png
../data/images/train/1/SFM/SFM_-6_165.png ../data/lable/train/1/SFM/SFM_-6_165.png
../data/images/train/1/SFM/SFM_-6_112.png ../data/lable/train/1/SFM/SFM_-6_112.png
../data/images/train/1/SFM/SFM_-6_104.png ../data/lable/train/1/SFM/SFM_-6_104.png
../data/images/train/1/SFM/SFM_-6_50.png ../data/lable/train/1/SFM/SFM_-6_50.png
../data/images/train/1/SFM/SFM_-6_13.png ../data/lable/train/1/SFM/SFM_-6_13.png
../data/images/train/1/SFM/SFM_-6_60.png ../data/lable/train/1/SFM/SFM_-6_60.png
../data/images/train/1/SFM/SFM_-6_42.png ../data/lable/train/1/SFM/SFM_-6_42.png
../data/images/train/1/SFM/SFM_-6_185.png ../data/lable/train/1/SFM/SFM_-6_185.png
../data/images/train/1/SFM/SFM_-6_8.png ../data/lable/train/1/SFM/SFM_-6_8.png
../data/images/train/1/SFM/SFM_-6_101.png ../data/lable/train/1/SFM/SFM_-6_101.png
../data/images/train/1/SFM/SFM_-6_43.png ../data/lable/train/1/SFM/SFM_-6_43.png
../data/images/train/1/SFM/SFM_-6_118.png ../data/lable/train/1/SFM/SFM_-6_118.png
../data/images/train/1/SFM/SFM_-6_54.png ../data/lable/train/1/SFM/SFM_-6_54.png
../data/images/train/1/SFM/SFM_-6_35.png ../data/lable/train/1/SFM/SFM_-6_35.png
../data/images/train/1/SFM/SFM_-6_123.png ../data/lable/train/1/SFM/SFM_-6_123.png
../data/images/train/1/SFM/SFM_-6_19.png ../data/lable/train/1/SFM/SFM_-6_19.png
../data/images/train/1/SFM/SFM_-6_90.png ../data/lable/train/1/SFM/SFM_-6_90.png
../data/images/train/1/SFM/SFM_-6_148.png ../data/lable/train/1/SFM/SFM_-6_148.png
../data/images/train/1/SFM/SFM_-6_85.png ../data/lable/train/1/SFM/SFM_-6_85.png
../data/images/train/1/SFM/SFM_-6_93.png ../data/lable/train/1/SFM/SFM_-6_93.png
../data/images/train/1/SFM/SFM_-6_86.png ../data/lable/train/1/SFM/SFM_-6_86.png
../data/images/train/1/SFM/SFM_-6_111.png ../data/lable/train/1/SFM/SFM_-6_111.png
../data/images/train/1/SFM/SFM_-6_168.png ../data/lable/train/1/SFM/SFM_-6_168.png
../data/images/train/1/SFM/SFM_-6_37.png ../data/lable/train/1/SFM/SFM_-6_37.png
../data/images/train/1/SFM/SFM_-6_107.png ../data/lable/train/1/SFM/SFM_-6_107.png
../data/images/train/1/SFM/SFM_-6_195.png ../data/lable/train/1/SFM/SFM_-6_195.png
../data/images/train/1/SFM/SFM_-6_197.png ../data/lable/train/1/SFM/SFM_-6_197.png
../data/images/train/1/SFM/SFM_-6_126.png ../data/lable/train/1/SFM/SFM_-6_126.png
../data/images/train/1/SFM/SFM_-6_95.png ../data/lable/train/1/SFM/SFM_-6_95.png
../data/images/train/1/SFM/SFM_-6_133.png ../data/lable/train/1/SFM/SFM_-6_133.png
../data/images/train/1/SFM/SFM_-6_153.png ../data/lable/train/1/SFM/SFM_-6_153.png
../data/images/train/1/SFM/SFM_-6_179.png ../data/lable/train/1/SFM/SFM_-6_179.png
../data/images/train/1/SFM/SFM_-6_62.png ../data/lable/train/1/SFM/SFM_-6_62.png
../data/images/train/1/SFM/SFM_-6_163.png ../data/lable/train/1/SFM/SFM_-6_163.png
../data/images/train/1/SFM/SFM_-6_14.png ../data/lable/train/1/SFM/SFM_-6_14.png
../data/images/train/1/SFM/SFM_-6_102.png ../data/lable/train/1/SFM/SFM_-6_102.png
../data/images/train/1/SFM/SFM_-6_122.png ../data/lable/train/1/SFM/SFM_-6_122.png
../data/images/train/1/SFM/SFM_-6_171.png ../data/lable/train/1/SFM/SFM_-6_171.png
../data/images/train/1/SFM/SFM_-6_5.png ../data/lable/train/1/SFM/SFM_-6_5.png
../data/images/train/1/SFM/SFM_-6_152.png ../data/lable/train/1/SFM/SFM_-6_152.png
../data/images/train/1/SFM/SFM_-6_53.png ../data/lable/train/1/SFM/SFM_-6_53.png
../data/images/train/1/SFM/SFM_-6_177.png ../data/lable/train/1/SFM/SFM_-6_177.png
../data/images/train/1/SFM/SFM_-6_175.png ../data/lable/train/1/SFM/SFM_-6_175.png
../data/images/train/1/SFM/SFM_-6_30.png ../data/lable/train/1/SFM/SFM_-6_30.png
../data/images/train/1/SFM/SFM_-6_20.png ../data/lable/train/1/SFM/SFM_-6_20.png
../data/images/train/1/SFM/SFM_-6_67.png ../data/lable/train/1/SFM/SFM_-6_67.png
../data/images/train/1/SFM/SFM_-6_72.png ../data/lable/train/1/SFM/SFM_-6_72.png
../data/images/train/1/SFM/SFM_-6_187.png ../data/lable/train/1/SFM/SFM_-6_187.png
../data/images/train/1/SFM/SFM_-6_29.png ../data/lable/train/1/SFM/SFM_-6_29.png
../data/images/train/1/SFM/SFM_-6_127.png ../data/lable/train/1/SFM/SFM_-6_127.png
../data/images/train/1/SFM/SFM_-6_183.png ../data/lable/train/1/SFM/SFM_-6_183.png
../data/images/train/1/SFM/SFM_-6_193.png ../data/lable/train/1/SFM/SFM_-6_193.png
../data/images/train/1/SFM/SFM_-6_36.png ../data/lable/train/1/SFM/SFM_-6_36.png
../data/images/train/1/SFM/SFM_-6_16.png ../data/lable/train/1/SFM/SFM_-6_16.png
../data/images/train/1/SFM/SFM_-6_136.png ../data/lable/train/1/SFM/SFM_-6_136.png
../data/images/train/1/QAM/QAM_-6_51.png ../data/lable/train/1/QAM/QAM_-6_51.png
../data/images/train/1/QAM/QAM_-6_74.png ../data/lable/train/1/QAM/QAM_-6_74.png
../data/images/train/1/QAM/QAM_-6_25.png ../data/lable/train/1/QAM/QAM_-6_25.png
../data/images/train/1/QAM/QAM_-6_61.png ../data/lable/train/1/QAM/QAM_-6_61.png
../data/images/train/1/QAM/QAM_-6_180.png ../data/lable/train/1/QAM/QAM_-6_180.png
../data/images/train/1/QAM/QAM_-6_174.png ../data/lable/train/1/QAM/QAM_-6_174.png
../data/images/train/1/QAM/QAM_-6_166.png ../data/lable/train/1/QAM/QAM_-6_166.png
../data/images/train/1/QAM/QAM_-6_164.png ../data/lable/train/1/QAM/QAM_-6_164.png
../data/images/train/1/QAM/QAM_-6_122.png ../data/lable/train/1/QAM/QAM_-6_122.png
../data/images/train/1/QAM/QAM_-6_19.png ../data/lable/train/1/QAM/QAM_-6_19.png
../data/images/train/1/QAM/QAM_-6_110.png ../data/lable/train/1/QAM/QAM_-6_110.png
../data/images/train/1/QAM/QAM_-6_59.png ../data/lable/train/1/QAM/QAM_-6_59.png
../data/images/train/1/QAM/QAM_-6_177.png ../data/lable/train/1/QAM/QAM_-6_177.png
../data/images/train/1/QAM/QAM_-6_33.png ../data/lable/train/1/QAM/QAM_-6_33.png
../data/images/train/1/QAM/QAM_-6_3.png ../data/lable/train/1/QAM/QAM_-6_3.png
../data/images/train/1/QAM/QAM_-6_159.png ../data/lable/train/1/QAM/QAM_-6_159.png
../data/images/train/1/QAM/QAM_-6_143.png ../data/lable/train/1/QAM/QAM_-6_143.png
../data/images/train/1/QAM/QAM_-6_2.png ../data/lable/train/1/QAM/QAM_-6_2.png
../data/images/train/1/QAM/QAM_-6_167.png ../data/lable/train/1/QAM/QAM_-6_167.png
../data/images/train/1/QAM/QAM_-6_70.png ../data/lable/train/1/QAM/QAM_-6_70.png
../data/images/train/1/QAM/QAM_-6_104.png ../data/lable/train/1/QAM/QAM_-6_104.png
../data/images/train/1/QAM/QAM_-6_128.png ../data/lable/train/1/QAM/QAM_-6_128.png
../data/images/train/1/QAM/QAM_-6_195.png ../data/lable/train/1/QAM/QAM_-6_195.png
../data/images/train/1/QAM/QAM_-6_30.png ../data/lable/train/1/QAM/QAM_-6_30.png
../data/images/train/1/QAM/QAM_-6_154.png ../data/lable/train/1/QAM/QAM_-6_154.png
../data/images/train/1/QAM/QAM_-6_160.png ../data/lable/train/1/QAM/QAM_-6_160.png
../data/images/train/1/QAM/QAM_-6_1.png ../data/lable/train/1/QAM/QAM_-6_1.png
../data/images/train/1/QAM/QAM_-6_134.png ../data/lable/train/1/QAM/QAM_-6_134.png
../data/images/train/1/QAM/QAM_-6_34.png ../data/lable/train/1/QAM/QAM_-6_34.png
../data/images/train/1/QAM/QAM_-6_162.png ../data/lable/train/1/QAM/QAM_-6_162.png
../data/images/train/1/QAM/QAM_-6_77.png ../data/lable/train/1/QAM/QAM_-6_77.png
../data/images/train/1/QAM/QAM_-6_105.png ../data/lable/train/1/QAM/QAM_-6_105.png
../data/images/train/1/QAM/QAM_-6_48.png ../data/lable/train/1/QAM/QAM_-6_48.png
../data/images/train/1/QAM/QAM_-6_131.png ../data/lable/train/1/QAM/QAM_-6_131.png
../data/images/train/1/QAM/QAM_-6_45.png ../data/lable/train/1/QAM/QAM_-6_45.png
../data/images/train/1/QAM/QAM_-6_142.png ../data/lable/train/1/QAM/QAM_-6_142.png
../data/images/train/1/QAM/QAM_-6_188.png ../data/lable/train/1/QAM/QAM_-6_188.png
../data/images/train/1/QAM/QAM_-6_109.png ../data/lable/train/1/QAM/QAM_-6_109.png
../data/images/train/1/QAM/QAM_-6_49.png ../data/lable/train/1/QAM/QAM_-6_49.png
../data/images/train/1/QAM/QAM_-6_196.png ../data/lable/train/1/QAM/QAM_-6_196.png
../data/images/train/1/QAM/QAM_-6_24.png ../data/lable/train/1/QAM/QAM_-6_24.png
../data/images/train/1/QAM/QAM_-6_10.png ../data/lable/train/1/QAM/QAM_-6_10.png
../data/images/train/1/QAM/QAM_-6_178.png ../data/lable/train/1/QAM/QAM_-6_178.png
../data/images/train/1/QAM/QAM_-6_9.png ../data/lable/train/1/QAM/QAM_-6_9.png
../data/images/train/1/QAM/QAM_-6_4.png ../data/lable/train/1/QAM/QAM_-6_4.png
../data/images/train/1/QAM/QAM_-6_107.png ../data/lable/train/1/QAM/QAM_-6_107.png
../data/images/train/1/QAM/QAM_-6_53.png ../data/lable/train/1/QAM/QAM_-6_53.png
../data/images/train/1/QAM/QAM_-6_36.png ../data/lable/train/1/QAM/QAM_-6_36.png
../data/images/train/1/QAM/QAM_-6_8.png ../data/lable/train/1/QAM/QAM_-6_8.png
../data/images/train/1/QAM/QAM_-6_129.png ../data/lable/train/1/QAM/QAM_-6_129.png
../data/images/train/1/QAM/QAM_-6_182.png ../data/lable/train/1/QAM/QAM_-6_182.png
../data/images/train/1/QAM/QAM_-6_132.png ../data/lable/train/1/QAM/QAM_-6_132.png
../data/images/train/1/QAM/QAM_-6_99.png ../data/lable/train/1/QAM/QAM_-6_99.png
../data/images/train/1/QAM/QAM_-6_82.png ../data/lable/train/1/QAM/QAM_-6_82.png
../data/images/train/1/QAM/QAM_-6_150.png ../data/lable/train/1/QAM/QAM_-6_150.png
../data/images/train/1/QAM/QAM_-6_26.png ../data/lable/train/1/QAM/QAM_-6_26.png
../data/images/train/1/QAM/QAM_-6_113.png ../data/lable/train/1/QAM/QAM_-6_113.png
../data/images/train/1/QAM/QAM_-6_114.png ../data/lable/train/1/QAM/QAM_-6_114.png
../data/images/train/1/QAM/QAM_-6_73.png ../data/lable/train/1/QAM/QAM_-6_73.png
../data/images/train/1/QAM/QAM_-6_183.png ../data/lable/train/1/QAM/QAM_-6_183.png
../data/images/train/1/QAM/QAM_-6_89.png ../data/lable/train/1/QAM/QAM_-6_89.png
../data/images/train/1/QAM/QAM_-6_20.png ../data/lable/train/1/QAM/QAM_-6_20.png
../data/images/train/1/QAM/QAM_-6_83.png ../data/lable/train/1/QAM/QAM_-6_83.png
../data/images/train/1/QAM/QAM_-6_15.png ../data/lable/train/1/QAM/QAM_-6_15.png
../data/images/train/1/QAM/QAM_-6_193.png ../data/lable/train/1/QAM/QAM_-6_193.png
../data/images/train/1/QAM/QAM_-6_18.png ../data/lable/train/1/QAM/QAM_-6_18.png
../data/images/train/1/QAM/QAM_-6_133.png ../data/lable/train/1/QAM/QAM_-6_133.png
../data/images/train/1/QAM/QAM_-6_23.png ../data/lable/train/1/QAM/QAM_-6_23.png
../data/images/train/1/QAM/QAM_-6_46.png ../data/lable/train/1/QAM/QAM_-6_46.png
../data/images/train/1/QAM/QAM_-6_192.png ../data/lable/train/1/QAM/QAM_-6_192.png
../data/images/train/1/QAM/QAM_-6_173.png ../data/lable/train/1/QAM/QAM_-6_173.png
../data/images/train/1/QAM/QAM_-6_123.png ../data/lable/train/1/QAM/QAM_-6_123.png
../data/images/train/1/QAM/QAM_-6_29.png ../data/lable/train/1/QAM/QAM_-6_29.png
../data/images/train/1/QAM/QAM_-6_146.png ../data/lable/train/1/QAM/QAM_-6_146.png
../data/images/train/1/QAM/QAM_-6_147.png ../data/lable/train/1/QAM/QAM_-6_147.png
../data/images/train/1/QAM/QAM_-6_5.png ../data/lable/train/1/QAM/QAM_-6_5.png
../data/images/train/1/QAM/QAM_-6_179.png ../data/lable/train/1/QAM/QAM_-6_179.png
../data/images/train/1/QAM/QAM_-6_117.png ../data/lable/train/1/QAM/QAM_-6_117.png
../data/images/train/1/QAM/QAM_-6_68.png ../data/lable/train/1/QAM/QAM_-6_68.png
../data/images/train/1/QAM/QAM_-6_75.png ../data/lable/train/1/QAM/QAM_-6_75.png
../data/images/train/1/QAM/QAM_-6_108.png ../data/lable/train/1/QAM/QAM_-6_108.png
../data/images/train/1/QAM/QAM_-6_130.png ../data/lable/train/1/QAM/QAM_-6_130.png
../data/images/train/1/QAM/QAM_-6_81.png ../data/lable/train/1/QAM/QAM_-6_81.png
../data/images/train/1/QAM/QAM_-6_14.png ../data/lable/train/1/QAM/QAM_-6_14.png
../data/images/train/1/QAM/QAM_-6_140.png ../data/lable/train/1/QAM/QAM_-6_140.png
../data/images/train/1/QAM/QAM_-6_62.png ../data/lable/train/1/QAM/QAM_-6_62.png
../data/images/train/1/QAM/QAM_-6_54.png ../data/lable/train/1/QAM/QAM_-6_54.png
../data/images/train/1/QAM/QAM_-6_94.png ../data/lable/train/1/QAM/QAM_-6_94.png
../data/images/train/1/QAM/QAM_-6_39.png ../data/lable/train/1/QAM/QAM_-6_39.png
../data/images/train/1/QAM/QAM_-6_64.png ../data/lable/train/1/QAM/QAM_-6_64.png
../data/images/train/1/QAM/QAM_-6_139.png ../data/lable/train/1/QAM/QAM_-6_139.png
../data/images/train/1/QAM/QAM_-6_76.png ../data/lable/train/1/QAM/QAM_-6_76.png
../data/images/train/1/QAM/QAM_-6_145.png ../data/lable/train/1/QAM/QAM_-6_145.png
../data/images/train/1/QAM/QAM_-6_96.png ../data/lable/train/1/QAM/QAM_-6_96.png
../data/images/train/1/QAM/QAM_-6_22.png ../data/lable/train/1/QAM/QAM_-6_22.png
../data/images/train/1/QAM/QAM_-6_153.png ../data/lable/train/1/QAM/QAM_-6_153.png
../data/images/train/1/QAM/QAM_-6_85.png ../data/lable/train/1/QAM/QAM_-6_85.png
../data/images/train/1/QAM/QAM_-6_144.png ../data/lable/train/1/QAM/QAM_-6_144.png
../data/images/train/1/QAM/QAM_-6_16.png ../data/lable/train/1/QAM/QAM_-6_16.png
../data/images/train/1/QAM/QAM_-6_41.png ../data/lable/train/1/QAM/QAM_-6_41.png
../data/images/train/1/QAM/QAM_-6_169.png ../data/lable/train/1/QAM/QAM_-6_169.png
../data/images/train/1/QAM/QAM_-6_7.png ../data/lable/train/1/QAM/QAM_-6_7.png
../data/images/train/1/QAM/QAM_-6_79.png ../data/lable/train/1/QAM/QAM_-6_79.png
../data/images/train/1/QAM/QAM_-6_199.png ../data/lable/train/1/QAM/QAM_-6_199.png
../data/images/train/1/QAM/QAM_-6_157.png ../data/lable/train/1/QAM/QAM_-6_157.png
../data/images/train/1/QAM/QAM_-6_103.png ../data/lable/train/1/QAM/QAM_-6_103.png
../data/images/train/1/QAM/QAM_-6_101.png ../data/lable/train/1/QAM/QAM_-6_101.png
../data/images/train/1/QAM/QAM_-6_190.png ../data/lable/train/1/QAM/QAM_-6_190.png
../data/images/train/1/QAM/QAM_-6_127.png ../data/lable/train/1/QAM/QAM_-6_127.png
../data/images/train/1/QAM/QAM_-6_197.png ../data/lable/train/1/QAM/QAM_-6_197.png
../data/images/train/1/QAM/QAM_-6_58.png ../data/lable/train/1/QAM/QAM_-6_58.png
../data/images/train/1/QAM/QAM_-6_47.png ../data/lable/train/1/QAM/QAM_-6_47.png
../data/images/train/1/QAM/QAM_-6_186.png ../data/lable/train/1/QAM/QAM_-6_186.png
../data/images/train/1/QAM/QAM_-6_67.png ../data/lable/train/1/QAM/QAM_-6_67.png
../data/images/train/1/QAM/QAM_-6_55.png ../data/lable/train/1/QAM/QAM_-6_55.png
../data/images/train/1/QAM/QAM_-6_102.png ../data/lable/train/1/QAM/QAM_-6_102.png
../data/images/train/1/QAM/QAM_-6_191.png ../data/lable/train/1/QAM/QAM_-6_191.png
../data/images/train/1/QAM/QAM_-6_156.png ../data/lable/train/1/QAM/QAM_-6_156.png
../data/images/train/1/QAM/QAM_-6_148.png ../data/lable/train/1/QAM/QAM_-6_148.png
../data/images/train/1/QAM/QAM_-6_151.png ../data/lable/train/1/QAM/QAM_-6_151.png
../data/images/train/1/QAM/QAM_-6_189.png ../data/lable/train/1/QAM/QAM_-6_189.png
../data/images/train/1/QAM/QAM_-6_149.png ../data/lable/train/1/QAM/QAM_-6_149.png
../data/images/train/1/QAM/QAM_-6_187.png ../data/lable/train/1/QAM/QAM_-6_187.png
../data/images/train/1/QAM/QAM_-6_60.png ../data/lable/train/1/QAM/QAM_-6_60.png
../data/images/train/1/QAM/QAM_-6_37.png ../data/lable/train/1/QAM/QAM_-6_37.png
../data/images/train/1/QAM/QAM_-6_111.png ../data/lable/train/1/QAM/QAM_-6_111.png
../data/images/train/1/QAM/QAM_-6_158.png ../data/lable/train/1/QAM/QAM_-6_158.png
../data/images/train/1/QAM/QAM_-6_163.png ../data/lable/train/1/QAM/QAM_-6_163.png
../data/images/train/1/QAM/QAM_-6_88.png ../data/lable/train/1/QAM/QAM_-6_88.png
../data/images/train/1/QAM/QAM_-6_165.png ../data/lable/train/1/QAM/QAM_-6_165.png
../data/images/train/1/QAM/QAM_-6_125.png ../data/lable/train/1/QAM/QAM_-6_125.png
../data/images/train/1/QAM/QAM_-6_120.png ../data/lable/train/1/QAM/QAM_-6_120.png
../data/images/train/1/QAM/QAM_-6_137.png ../data/lable/train/1/QAM/QAM_-6_137.png
../data/images/train/1/QAM/QAM_-6_175.png ../data/lable/train/1/QAM/QAM_-6_175.png
../data/images/train/1/QAM/QAM_-6_200.png ../data/lable/train/1/QAM/QAM_-6_200.png
../data/images/train/1/QAM/QAM_-6_97.png ../data/lable/train/1/QAM/QAM_-6_97.png
../data/images/train/1/QAM/QAM_-6_100.png ../data/lable/train/1/QAM/QAM_-6_100.png
../data/images/train/1/QAM/QAM_-6_80.png ../data/lable/train/1/QAM/QAM_-6_80.png
../data/images/train/1/QAM/QAM_-6_184.png ../data/lable/train/1/QAM/QAM_-6_184.png
../data/images/train/1/QAM/QAM_-6_168.png ../data/lable/train/1/QAM/QAM_-6_168.png
../data/images/train/1/QAM/QAM_-6_17.png ../data/lable/train/1/QAM/QAM_-6_17.png
../data/images/train/1/QAM/QAM_-6_87.png ../data/lable/train/1/QAM/QAM_-6_87.png
../data/images/train/1/QAM/QAM_-6_35.png ../data/lable/train/1/QAM/QAM_-6_35.png
../data/images/train/1/QAM/QAM_-6_40.png ../data/lable/train/1/QAM/QAM_-6_40.png
../data/images/train/1/QAM/QAM_-6_12.png ../data/lable/train/1/QAM/QAM_-6_12.png
../data/images/train/1/QAM/QAM_-6_95.png ../data/lable/train/1/QAM/QAM_-6_95.png
../data/images/train/1/QAM/QAM_-6_119.png ../data/lable/train/1/QAM/QAM_-6_119.png
../data/images/train/1/QAM/QAM_-6_115.png ../data/lable/train/1/QAM/QAM_-6_115.png
../data/images/train/1/QAM/QAM_-6_78.png ../data/lable/train/1/QAM/QAM_-6_78.png
../data/images/train/1/QAM/QAM_-6_28.png ../data/lable/train/1/QAM/QAM_-6_28.png
../data/images/train/1/QAM/QAM_-6_152.png ../data/lable/train/1/QAM/QAM_-6_152.png
../data/images/train/1/QAM/QAM_-6_69.png ../data/lable/train/1/QAM/QAM_-6_69.png
../data/images/train/1/QAM/QAM_-6_176.png ../data/lable/train/1/QAM/QAM_-6_176.png
../data/images/train/1/QAM/QAM_-6_42.png ../data/lable/train/1/QAM/QAM_-6_42.png
../data/images/train/1/QAM/QAM_-6_71.png ../data/lable/train/1/QAM/QAM_-6_71.png
../data/images/train/1/QAM/QAM_-6_32.png ../data/lable/train/1/QAM/QAM_-6_32.png
../data/images/train/1/QAM/QAM_-6_52.png ../data/lable/train/1/QAM/QAM_-6_52.png
../data/images/train/1/QAM/QAM_-6_172.png ../data/lable/train/1/QAM/QAM_-6_172.png
../data/images/train/1/QAM/QAM_-6_66.png ../data/lable/train/1/QAM/QAM_-6_66.png
../data/images/train/1/QAM/QAM_-6_155.png ../data/lable/train/1/QAM/QAM_-6_155.png
../data/images/train/1/QAM/QAM_-6_63.png ../data/lable/train/1/QAM/QAM_-6_63.png
../data/images/train/1/QAM/QAM_-6_161.png ../data/lable/train/1/QAM/QAM_-6_161.png
../data/images/train/1/QAM/QAM_-6_118.png ../data/lable/train/1/QAM/QAM_-6_118.png
../data/images/train/1/QAM/QAM_-6_90.png ../data/lable/train/1/QAM/QAM_-6_90.png
../data/images/train/1/QAM/QAM_-6_112.png ../data/lable/train/1/QAM/QAM_-6_112.png
../data/images/train/1/QAM/QAM_-6_86.png ../data/lable/train/1/QAM/QAM_-6_86.png
../data/images/train/1/QAM/QAM_-6_11.png ../data/lable/train/1/QAM/QAM_-6_11.png
../data/images/train/1/QAM/QAM_-6_56.png ../data/lable/train/1/QAM/QAM_-6_56.png
../data/images/train/1/QAM/QAM_-6_181.png ../data/lable/train/1/QAM/QAM_-6_181.png
../data/images/train/1/QAM/QAM_-6_93.png ../data/lable/train/1/QAM/QAM_-6_93.png
../data/images/train/1/QAM/QAM_-6_92.png ../data/lable/train/1/QAM/QAM_-6_92.png
../data/images/train/1/QAM/QAM_-6_38.png ../data/lable/train/1/QAM/QAM_-6_38.png
../data/images/train/1/QAM/QAM_-6_124.png ../data/lable/train/1/QAM/QAM_-6_124.png
../data/images/train/1/QAM/QAM_-6_44.png ../data/lable/train/1/QAM/QAM_-6_44.png
../data/images/train/1/QAM/QAM_-6_31.png ../data/lable/train/1/QAM/QAM_-6_31.png
../data/images/train/1/QAM/QAM_-6_170.png ../data/lable/train/1/QAM/QAM_-6_170.png
../data/images/train/1/QAM/QAM_-6_72.png ../data/lable/train/1/QAM/QAM_-6_72.png
../data/images/train/1/QAM/QAM_-6_91.png ../data/lable/train/1/QAM/QAM_-6_91.png
../data/images/train/1/QAM/QAM_-6_13.png ../data/lable/train/1/QAM/QAM_-6_13.png
../data/images/train/1/QAM/QAM_-6_136.png ../data/lable/train/1/QAM/QAM_-6_136.png
../data/images/train/1/QAM/QAM_-6_98.png ../data/lable/train/1/QAM/QAM_-6_98.png
../data/images/train/1/QAM/QAM_-6_198.png ../data/lable/train/1/QAM/QAM_-6_198.png
../data/images/train/1/QAM/QAM_-6_171.png ../data/lable/train/1/QAM/QAM_-6_171.png
../data/images/train/1/QAM/QAM_-6_27.png ../data/lable/train/1/QAM/QAM_-6_27.png
../data/images/train/1/QAM/QAM_-6_135.png ../data/lable/train/1/QAM/QAM_-6_135.png
../data/images/train/1/QAM/QAM_-6_106.png ../data/lable/train/1/QAM/QAM_-6_106.png
../data/images/train/1/QAM/QAM_-6_21.png ../data/lable/train/1/QAM/QAM_-6_21.png
../data/images/train/1/QAM/QAM_-6_84.png ../data/lable/train/1/QAM/QAM_-6_84.png
../data/images/train/1/QAM/QAM_-6_6.png ../data/lable/train/1/QAM/QAM_-6_6.png
../data/images/train/1/QAM/QAM_-6_138.png ../data/lable/train/1/QAM/QAM_-6_138.png
../data/images/train/1/QAM/QAM_-6_141.png ../data/lable/train/1/QAM/QAM_-6_141.png
../data/images/train/1/QAM/QAM_-6_43.png ../data/lable/train/1/QAM/QAM_-6_43.png
../data/images/train/1/QAM/QAM_-6_126.png ../data/lable/train/1/QAM/QAM_-6_126.png
../data/images/train/1/QAM/QAM_-6_194.png ../data/lable/train/1/QAM/QAM_-6_194.png
../data/images/train/1/QAM/QAM_-6_121.png ../data/lable/train/1/QAM/QAM_-6_121.png
../data/images/train/1/QAM/QAM_-6_57.png ../data/lable/train/1/QAM/QAM_-6_57.png
../data/images/train/1/QAM/QAM_-6_116.png ../data/lable/train/1/QAM/QAM_-6_116.png
../data/images/train/1/QAM/QAM_-6_185.png ../data/lable/train/1/QAM/QAM_-6_185.png
../data/images/train/1/QAM/QAM_-6_65.png ../data/lable/train/1/QAM/QAM_-6_65.png
../data/images/train/1/QAM/QAM_-6_50.png ../data/lable/train/1/QAM/QAM_-6_50.png
../data/images/train/1/FSK/FSK_-6_61.png ../data/lable/train/1/FSK/FSK_-6_61.png
../data/images/train/1/FSK/FSK_-6_150.png ../data/lable/train/1/FSK/FSK_-6_150.png
../data/images/train/1/FSK/FSK_-6_9.png ../data/lable/train/1/FSK/FSK_-6_9.png
../data/images/train/1/FSK/FSK_-6_100.png ../data/lable/train/1/FSK/FSK_-6_100.png
../data/images/train/1/FSK/FSK_-6_70.png ../data/lable/train/1/FSK/FSK_-6_70.png
../data/images/train/1/FSK/FSK_-6_53.png ../data/lable/train/1/FSK/FSK_-6_53.png
../data/images/train/1/FSK/FSK_-6_36.png ../data/lable/train/1/FSK/FSK_-6_36.png
../data/images/train/1/FSK/FSK_-6_12.png ../data/lable/train/1/FSK/FSK_-6_12.png
../data/images/train/1/FSK/FSK_-6_189.png ../data/lable/train/1/FSK/FSK_-6_189.png
../data/images/train/1/FSK/FSK_-6_87.png ../data/lable/train/1/FSK/FSK_-6_87.png
../data/images/train/1/FSK/FSK_-6_170.png ../data/lable/train/1/FSK/FSK_-6_170.png
../data/images/train/1/FSK/FSK_-6_155.png ../data/lable/train/1/FSK/FSK_-6_155.png
../data/images/train/1/FSK/FSK_-6_135.png ../data/lable/train/1/FSK/FSK_-6_135.png
../data/images/train/1/FSK/FSK_-6_42.png ../data/lable/train/1/FSK/FSK_-6_42.png
../data/images/train/1/FSK/FSK_-6_190.png ../data/lable/train/1/FSK/FSK_-6_190.png
../data/images/train/1/FSK/FSK_-6_167.png ../data/lable/train/1/FSK/FSK_-6_167.png
../data/images/train/1/FSK/FSK_-6_141.png ../data/lable/train/1/FSK/FSK_-6_141.png
../data/images/train/1/FSK/FSK_-6_94.png ../data/lable/train/1/FSK/FSK_-6_94.png
../data/images/train/1/FSK/FSK_-6_101.png ../data/lable/train/1/FSK/FSK_-6_101.png
../data/images/train/1/FSK/FSK_-6_96.png ../data/lable/train/1/FSK/FSK_-6_96.png
../data/images/train/1/FSK/FSK_-6_186.png ../data/lable/train/1/FSK/FSK_-6_186.png
../data/images/train/1/FSK/FSK_-6_109.png ../data/lable/train/1/FSK/FSK_-6_109.png
../data/images/train/1/FSK/FSK_-6_178.png ../data/lable/train/1/FSK/FSK_-6_178.png
../data/images/train/1/FSK/FSK_-6_40.png ../data/lable/train/1/FSK/FSK_-6_40.png
../data/images/train/1/FSK/FSK_-6_21.png ../data/lable/train/1/FSK/FSK_-6_21.png
../data/images/train/1/FSK/FSK_-6_26.png ../data/lable/train/1/FSK/FSK_-6_26.png
../data/images/train/1/FSK/FSK_-6_56.png ../data/lable/train/1/FSK/FSK_-6_56.png
../data/images/train/1/FSK/FSK_-6_160.png ../data/lable/train/1/FSK/FSK_-6_160.png
../data/images/train/1/FSK/FSK_-6_43.png ../data/lable/train/1/FSK/FSK_-6_43.png
../data/images/train/1/FSK/FSK_-6_148.png ../data/lable/train/1/FSK/FSK_-6_148.png
../data/images/train/1/FSK/FSK_-6_88.png ../data/lable/train/1/FSK/FSK_-6_88.png
../data/images/train/1/FSK/FSK_-6_146.png ../data/lable/train/1/FSK/FSK_-6_146.png
../data/images/train/1/FSK/FSK_-6_197.png ../data/lable/train/1/FSK/FSK_-6_197.png
../data/images/train/1/FSK/FSK_-6_174.png ../data/lable/train/1/FSK/FSK_-6_174.png
../data/images/train/1/FSK/FSK_-6_62.png ../data/lable/train/1/FSK/FSK_-6_62.png
../data/images/train/1/FSK/FSK_-6_104.png ../data/lable/train/1/FSK/FSK_-6_104.png
../data/images/train/1/FSK/FSK_-6_7.png ../data/lable/train/1/FSK/FSK_-6_7.png
../data/images/train/1/FSK/FSK_-6_118.png ../data/lable/train/1/FSK/FSK_-6_118.png
../data/images/train/1/FSK/FSK_-6_92.png ../data/lable/train/1/FSK/FSK_-6_92.png
../data/images/train/1/FSK/FSK_-6_71.png ../data/lable/train/1/FSK/FSK_-6_71.png
../data/images/train/1/FSK/FSK_-6_14.png ../data/lable/train/1/FSK/FSK_-6_14.png
../data/images/train/1/FSK/FSK_-6_16.png ../data/lable/train/1/FSK/FSK_-6_16.png
../data/images/train/1/FSK/FSK_-6_117.png ../data/lable/train/1/FSK/FSK_-6_117.png
../data/images/train/1/FSK/FSK_-6_80.png ../data/lable/train/1/FSK/FSK_-6_80.png
../data/images/train/1/FSK/FSK_-6_142.png ../data/lable/train/1/FSK/FSK_-6_142.png
../data/images/train/1/FSK/FSK_-6_177.png ../data/lable/train/1/FSK/FSK_-6_177.png
../data/images/train/1/FSK/FSK_-6_126.png ../data/lable/train/1/FSK/FSK_-6_126.png
../data/images/train/1/FSK/FSK_-6_48.png ../data/lable/train/1/FSK/FSK_-6_48.png
../data/images/train/1/FSK/FSK_-6_113.png ../data/lable/train/1/FSK/FSK_-6_113.png
../data/images/train/1/FSK/FSK_-6_28.png ../data/lable/train/1/FSK/FSK_-6_28.png
../data/images/train/1/FSK/FSK_-6_2.png ../data/lable/train/1/FSK/FSK_-6_2.png
../data/images/train/1/FSK/FSK_-6_157.png ../data/lable/train/1/FSK/FSK_-6_157.png
../data/images/train/1/FSK/FSK_-6_72.png ../data/lable/train/1/FSK/FSK_-6_72.png
../data/images/train/1/FSK/FSK_-6_192.png ../data/lable/train/1/FSK/FSK_-6_192.png
../data/images/train/1/FSK/FSK_-6_129.png ../data/lable/train/1/FSK/FSK_-6_129.png
../data/images/train/1/FSK/FSK_-6_136.png ../data/lable/train/1/FSK/FSK_-6_136.png
../data/images/train/1/FSK/FSK_-6_123.png ../data/lable/train/1/FSK/FSK_-6_123.png
../data/images/train/1/FSK/FSK_-6_159.png ../data/lable/train/1/FSK/FSK_-6_159.png
../data/images/train/1/FSK/FSK_-6_39.png ../data/lable/train/1/FSK/FSK_-6_39.png
../data/images/train/1/FSK/FSK_-6_74.png ../data/lable/train/1/FSK/FSK_-6_74.png
../data/images/train/1/FSK/FSK_-6_164.png ../data/lable/train/1/FSK/FSK_-6_164.png
../data/images/train/1/FSK/FSK_-6_193.png ../data/lable/train/1/FSK/FSK_-6_193.png
../data/images/train/1/FSK/FSK_-6_18.png ../data/lable/train/1/FSK/FSK_-6_18.png
../data/images/train/1/FSK/FSK_-6_191.png ../data/lable/train/1/FSK/FSK_-6_191.png
../data/images/train/1/FSK/FSK_-6_93.png ../data/lable/train/1/FSK/FSK_-6_93.png
../data/images/train/1/FSK/FSK_-6_22.png ../data/lable/train/1/FSK/FSK_-6_22.png
../data/images/train/1/FSK/FSK_-6_102.png ../data/lable/train/1/FSK/FSK_-6_102.png
../data/images/train/1/FSK/FSK_-6_145.png ../data/lable/train/1/FSK/FSK_-6_145.png
../data/images/train/1/FSK/FSK_-6_99.png ../data/lable/train/1/FSK/FSK_-6_99.png
../data/images/train/1/FSK/FSK_-6_38.png ../data/lable/train/1/FSK/FSK_-6_38.png
../data/images/train/1/FSK/FSK_-6_35.png ../data/lable/train/1/FSK/FSK_-6_35.png
../data/images/train/1/FSK/FSK_-6_115.png ../data/lable/train/1/FSK/FSK_-6_115.png
../data/images/train/1/FSK/FSK_-6_45.png ../data/lable/train/1/FSK/FSK_-6_45.png
../data/images/train/1/FSK/FSK_-6_55.png ../data/lable/train/1/FSK/FSK_-6_55.png
../data/images/train/1/FSK/FSK_-6_105.png ../data/lable/train/1/FSK/FSK_-6_105.png
../data/images/train/1/FSK/FSK_-6_47.png ../data/lable/train/1/FSK/FSK_-6_47.png
../data/images/train/1/FSK/FSK_-6_52.png ../data/lable/train/1/FSK/FSK_-6_52.png
../data/images/train/1/FSK/FSK_-6_44.png ../data/lable/train/1/FSK/FSK_-6_44.png
../data/images/train/1/FSK/FSK_-6_137.png ../data/lable/train/1/FSK/FSK_-6_137.png
../data/images/train/1/FSK/FSK_-6_77.png ../data/lable/train/1/FSK/FSK_-6_77.png
../data/images/train/1/FSK/FSK_-6_199.png ../data/lable/train/1/FSK/FSK_-6_199.png
../data/images/train/1/FSK/FSK_-6_119.png ../data/lable/train/1/FSK/FSK_-6_119.png
../data/images/train/1/FSK/FSK_-6_64.png ../data/lable/train/1/FSK/FSK_-6_64.png
../data/images/train/1/FSK/FSK_-6_8.png ../data/lable/train/1/FSK/FSK_-6_8.png
../data/images/train/1/FSK/FSK_-6_172.png ../data/lable/train/1/FSK/FSK_-6_172.png
../data/images/train/1/FSK/FSK_-6_27.png ../data/lable/train/1/FSK/FSK_-6_27.png
../data/images/train/1/FSK/FSK_-6_175.png ../data/lable/train/1/FSK/FSK_-6_175.png
../data/images/train/1/FSK/FSK_-6_168.png ../data/lable/train/1/FSK/FSK_-6_168.png
../data/images/train/1/FSK/FSK_-6_81.png ../data/lable/train/1/FSK/FSK_-6_81.png
../data/images/train/1/FSK/FSK_-6_176.png ../data/lable/train/1/FSK/FSK_-6_176.png
../data/images/train/1/FSK/FSK_-6_90.png ../data/lable/train/1/FSK/FSK_-6_90.png
../data/images/train/1/FSK/FSK_-6_180.png ../data/lable/train/1/FSK/FSK_-6_180.png
../data/images/train/1/FSK/FSK_-6_144.png ../data/lable/train/1/FSK/FSK_-6_144.png
../data/images/train/1/FSK/FSK_-6_182.png ../data/lable/train/1/FSK/FSK_-6_182.png
../data/images/train/1/FSK/FSK_-6_130.png ../data/lable/train/1/FSK/FSK_-6_130.png
../data/images/train/1/FSK/FSK_-6_86.png ../data/lable/train/1/FSK/FSK_-6_86.png
../data/images/train/1/FSK/FSK_-6_147.png ../data/lable/train/1/FSK/FSK_-6_147.png
../data/images/train/1/FSK/FSK_-6_23.png ../data/lable/train/1/FSK/FSK_-6_23.png
../data/images/train/1/FSK/FSK_-6_98.png ../data/lable/train/1/FSK/FSK_-6_98.png
../data/images/train/1/FSK/FSK_-6_143.png ../data/lable/train/1/FSK/FSK_-6_143.png
../data/images/train/1/FSK/FSK_-6_82.png ../data/lable/train/1/FSK/FSK_-6_82.png
../data/images/train/1/FSK/FSK_-6_111.png ../data/lable/train/1/FSK/FSK_-6_111.png
../data/images/train/1/FSK/FSK_-6_187.png ../data/lable/train/1/FSK/FSK_-6_187.png
../data/images/train/1/FSK/FSK_-6_154.png ../data/lable/train/1/FSK/FSK_-6_154.png
../data/images/train/1/FSK/FSK_-6_120.png ../data/lable/train/1/FSK/FSK_-6_120.png
../data/images/train/1/FSK/FSK_-6_20.png ../data/lable/train/1/FSK/FSK_-6_20.png
../data/images/train/1/FSK/FSK_-6_30.png ../data/lable/train/1/FSK/FSK_-6_30.png
../data/images/train/1/FSK/FSK_-6_19.png ../data/lable/train/1/FSK/FSK_-6_19.png
../data/images/train/1/FSK/FSK_-6_121.png ../data/lable/train/1/FSK/FSK_-6_121.png
../data/images/train/1/FSK/FSK_-6_49.png ../data/lable/train/1/FSK/FSK_-6_49.png
../data/images/train/1/FSK/FSK_-6_195.png ../data/lable/train/1/FSK/FSK_-6_195.png
../data/images/train/1/FSK/FSK_-6_58.png ../data/lable/train/1/FSK/FSK_-6_58.png
../data/images/train/1/FSK/FSK_-6_183.png ../data/lable/train/1/FSK/FSK_-6_183.png
../data/images/train/1/FSK/FSK_-6_149.png ../data/lable/train/1/FSK/FSK_-6_149.png
../data/images/train/1/FSK/FSK_-6_59.png ../data/lable/train/1/FSK/FSK_-6_59.png
../data/images/train/1/FSK/FSK_-6_140.png ../data/lable/train/1/FSK/FSK_-6_140.png
../data/images/train/1/FSK/FSK_-6_41.png ../data/lable/train/1/FSK/FSK_-6_41.png
../data/images/train/1/FSK/FSK_-6_66.png ../data/lable/train/1/FSK/FSK_-6_66.png
../data/images/train/1/FSK/FSK_-6_34.png ../data/lable/train/1/FSK/FSK_-6_34.png
../data/images/train/1/FSK/FSK_-6_1.png ../data/lable/train/1/FSK/FSK_-6_1.png
../data/images/train/1/FSK/FSK_-6_69.png ../data/lable/train/1/FSK/FSK_-6_69.png
../data/images/train/1/FSK/FSK_-6_106.png ../data/lable/train/1/FSK/FSK_-6_106.png
../data/images/train/1/FSK/FSK_-6_165.png ../data/lable/train/1/FSK/FSK_-6_165.png
../data/images/train/1/FSK/FSK_-6_32.png ../data/lable/train/1/FSK/FSK_-6_32.png
../data/images/train/1/FSK/FSK_-6_112.png ../data/lable/train/1/FSK/FSK_-6_112.png
../data/images/train/1/FSK/FSK_-6_65.png ../data/lable/train/1/FSK/FSK_-6_65.png
../data/images/train/1/FSK/FSK_-6_158.png ../data/lable/train/1/FSK/FSK_-6_158.png
../data/images/train/1/FSK/FSK_-6_133.png ../data/lable/train/1/FSK/FSK_-6_133.png
../data/images/train/1/FSK/FSK_-6_33.png ../data/lable/train/1/FSK/FSK_-6_33.png
../data/images/train/1/FSK/FSK_-6_131.png ../data/lable/train/1/FSK/FSK_-6_131.png
../data/images/train/1/FSK/FSK_-6_114.png ../data/lable/train/1/FSK/FSK_-6_114.png
../data/images/train/1/FSK/FSK_-6_152.png ../data/lable/train/1/FSK/FSK_-6_152.png
../data/images/train/1/FSK/FSK_-6_50.png ../data/lable/train/1/FSK/FSK_-6_50.png
../data/images/train/1/FSK/FSK_-6_128.png ../data/lable/train/1/FSK/FSK_-6_128.png
../data/images/train/1/FSK/FSK_-6_125.png ../data/lable/train/1/FSK/FSK_-6_125.png
../data/images/train/1/FSK/FSK_-6_37.png ../data/lable/train/1/FSK/FSK_-6_37.png
../data/images/train/1/FSK/FSK_-6_84.png ../data/lable/train/1/FSK/FSK_-6_84.png
../data/images/train/1/FSK/FSK_-6_185.png ../data/lable/train/1/FSK/FSK_-6_185.png
../data/images/train/1/FSK/FSK_-6_179.png ../data/lable/train/1/FSK/FSK_-6_179.png
../data/images/train/1/FSK/FSK_-6_89.png ../data/lable/train/1/FSK/FSK_-6_89.png
../data/images/train/1/FSK/FSK_-6_166.png ../data/lable/train/1/FSK/FSK_-6_166.png
../data/images/train/1/FSK/FSK_-6_76.png ../data/lable/train/1/FSK/FSK_-6_76.png
../data/images/train/1/FSK/FSK_-6_97.png ../data/lable/train/1/FSK/FSK_-6_97.png
../data/images/train/1/FSK/FSK_-6_31.png ../data/lable/train/1/FSK/FSK_-6_31.png
../data/images/train/1/FSK/FSK_-6_163.png ../data/lable/train/1/FSK/FSK_-6_163.png
../data/images/train/1/FSK/FSK_-6_103.png ../data/lable/train/1/FSK/FSK_-6_103.png
../data/images/train/1/FSK/FSK_-6_68.png ../data/lable/train/1/FSK/FSK_-6_68.png
../data/images/train/1/FSK/FSK_-6_6.png ../data/lable/train/1/FSK/FSK_-6_6.png
../data/images/train/1/FSK/FSK_-6_4.png ../data/lable/train/1/FSK/FSK_-6_4.png
../data/images/train/1/FSK/FSK_-6_169.png ../data/lable/train/1/FSK/FSK_-6_169.png
../data/images/train/1/FSK/FSK_-6_54.png ../data/lable/train/1/FSK/FSK_-6_54.png
../data/images/train/1/FSK/FSK_-6_138.png ../data/lable/train/1/FSK/FSK_-6_138.png
../data/images/train/1/FSK/FSK_-6_122.png ../data/lable/train/1/FSK/FSK_-6_122.png
../data/images/train/1/FSK/FSK_-6_110.png ../data/lable/train/1/FSK/FSK_-6_110.png
../data/images/train/1/FSK/FSK_-6_194.png ../data/lable/train/1/FSK/FSK_-6_194.png
../data/images/train/1/FSK/FSK_-6_3.png ../data/lable/train/1/FSK/FSK_-6_3.png
../data/images/train/1/FSK/FSK_-6_11.png ../data/lable/train/1/FSK/FSK_-6_11.png
../data/images/train/1/FSK/FSK_-6_108.png ../data/lable/train/1/FSK/FSK_-6_108.png
../data/images/train/1/FSK/FSK_-6_57.png ../data/lable/train/1/FSK/FSK_-6_57.png
../data/images/train/1/FSK/FSK_-6_134.png ../data/lable/train/1/FSK/FSK_-6_134.png
../data/images/train/1/FSK/FSK_-6_198.png ../data/lable/train/1/FSK/FSK_-6_198.png
../data/images/train/1/FSK/FSK_-6_17.png ../data/lable/train/1/FSK/FSK_-6_17.png
../data/images/train/1/FSK/FSK_-6_153.png ../data/lable/train/1/FSK/FSK_-6_153.png
../data/images/train/1/FSK/FSK_-6_173.png ../data/lable/train/1/FSK/FSK_-6_173.png
../data/images/train/1/FSK/FSK_-6_116.png ../data/lable/train/1/FSK/FSK_-6_116.png
../data/images/train/1/FSK/FSK_-6_78.png ../data/lable/train/1/FSK/FSK_-6_78.png
../data/images/train/1/FSK/FSK_-6_83.png ../data/lable/train/1/FSK/FSK_-6_83.png
../data/images/train/1/FSK/FSK_-6_161.png ../data/lable/train/1/FSK/FSK_-6_161.png
../data/images/train/1/FSK/FSK_-6_151.png ../data/lable/train/1/FSK/FSK_-6_151.png
../data/images/train/1/FSK/FSK_-6_162.png ../data/lable/train/1/FSK/FSK_-6_162.png
../data/images/train/1/FSK/FSK_-6_46.png ../data/lable/train/1/FSK/FSK_-6_46.png
../data/images/train/1/FSK/FSK_-6_73.png ../data/lable/train/1/FSK/FSK_-6_73.png
../data/images/train/1/FSK/FSK_-6_156.png ../data/lable/train/1/FSK/FSK_-6_156.png
../data/images/train/1/FSK/FSK_-6_79.png ../data/lable/train/1/FSK/FSK_-6_79.png
../data/images/train/1/FSK/FSK_-6_127.png ../data/lable/train/1/FSK/FSK_-6_127.png
../data/images/train/1/FSK/FSK_-6_95.png ../data/lable/train/1/FSK/FSK_-6_95.png
../data/images/train/1/FSK/FSK_-6_181.png ../data/lable/train/1/FSK/FSK_-6_181.png
../data/images/train/1/FSK/FSK_-6_63.png ../data/lable/train/1/FSK/FSK_-6_63.png
../data/images/train/1/FSK/FSK_-6_107.png ../data/lable/train/1/FSK/FSK_-6_107.png
../data/images/train/1/FSK/FSK_-6_51.png ../data/lable/train/1/FSK/FSK_-6_51.png
../data/images/train/1/FSK/FSK_-6_10.png ../data/lable/train/1/FSK/FSK_-6_10.png
../data/images/train/1/FSK/FSK_-6_25.png ../data/lable/train/1/FSK/FSK_-6_25.png
../data/images/train/1/FSK/FSK_-6_15.png ../data/lable/train/1/FSK/FSK_-6_15.png
../data/images/train/1/FSK/FSK_-6_5.png ../data/lable/train/1/FSK/FSK_-6_5.png
../data/images/train/1/FSK/FSK_-6_24.png ../data/lable/train/1/FSK/FSK_-6_24.png
../data/images/train/1/FSK/FSK_-6_60.png ../data/lable/train/1/FSK/FSK_-6_60.png
../data/images/train/1/FSK/FSK_-6_132.png ../data/lable/train/1/FSK/FSK_-6_132.png
../data/images/train/1/FSK/FSK_-6_29.png ../data/lable/train/1/FSK/FSK_-6_29.png
../data/images/train/1/FSK/FSK_-6_196.png ../data/lable/train/1/FSK/FSK_-6_196.png
../data/images/train/1/FSK/FSK_-6_75.png ../data/lable/train/1/FSK/FSK_-6_75.png
../data/images/train/1/FSK/FSK_-6_200.png ../data/lable/train/1/FSK/FSK_-6_200.png
../data/images/train/1/FSK/FSK_-6_188.png ../data/lable/train/1/FSK/FSK_-6_188.png
../data/images/train/1/FSK/FSK_-6_13.png ../data/lable/train/1/FSK/FSK_-6_13.png
../data/images/train/1/FSK/FSK_-6_124.png ../data/lable/train/1/FSK/FSK_-6_124.png
../data/images/train/1/FSK/FSK_-6_91.png ../data/lable/train/1/FSK/FSK_-6_91.png
../data/images/train/1/FSK/FSK_-6_171.png ../data/lable/train/1/FSK/FSK_-6_171.png
../data/images/train/1/FSK/FSK_-6_67.png ../data/lable/train/1/FSK/FSK_-6_67.png
../data/images/train/1/FSK/FSK_-6_139.png ../data/lable/train/1/FSK/FSK_-6_139.png
../data/images/train/1/FSK/FSK_-6_85.png ../data/lable/train/1/FSK/FSK_-6_85.png
../data/images/train/1/FSK/FSK_-6_184.png ../data/lable/train/1/FSK/FSK_-6_184.png
