../data/images/train/5/FSK_LFM_NLFM_QAM_SFM/FSK_LFM_NLFM_QAM_SFM_2_54.png ../data/lable/train/5/FSK_LFM_NLFM_QAM_SFM/FSK_LFM_NLFM_QAM_SFM_2_54.png
../data/images/train/5/FSK_LFM_NLFM_QAM_SFM/FSK_LFM_NLFM_QAM_SFM_2_79.png ../data/lable/train/5/FSK_LFM_NLFM_QAM_SFM/FSK_LFM_NLFM_QAM_SFM_2_79.png
../data/images/train/5/FSK_LFM_NLFM_QAM_SFM/FSK_LFM_NLFM_QAM_SFM_2_76.png ../data/lable/train/5/FSK_LFM_NLFM_QAM_SFM/FSK_LFM_NLFM_QAM_SFM_2_76.png
../data/images/train/5/FSK_LFM_NLFM_QAM_SFM/FSK_LFM_NLFM_QAM_SFM_2_188.png ../data/lable/train/5/FSK_LFM_NLFM_QAM_SFM/FSK_LFM_NLFM_QAM_SFM_2_188.png
../data/images/train/5/FSK_LFM_NLFM_QAM_SFM/FSK_LFM_NLFM_QAM_SFM_2_80.png ../data/lable/train/5/FSK_LFM_NLFM_QAM_SFM/FSK_LFM_NLFM_QAM_SFM_2_80.png
../data/images/train/5/FSK_LFM_NLFM_QAM_SFM/FSK_LFM_NLFM_QAM_SFM_2_109.png ../data/lable/train/5/FSK_LFM_NLFM_QAM_SFM/FSK_LFM_NLFM_QAM_SFM_2_109.png
../data/images/train/5/FSK_LFM_NLFM_QAM_SFM/FSK_LFM_NLFM_QAM_SFM_2_131.png ../data/lable/train/5/FSK_LFM_NLFM_QAM_SFM/FSK_LFM_NLFM_QAM_SFM_2_131.png
../data/images/train/5/FSK_LFM_NLFM_QAM_SFM/FSK_LFM_NLFM_QAM_SFM_2_75.png ../data/lable/train/5/FSK_LFM_NLFM_QAM_SFM/FSK_LFM_NLFM_QAM_SFM_2_75.png
../data/images/train/5/FSK_LFM_NLFM_QAM_SFM/FSK_LFM_NLFM_QAM_SFM_2_184.png ../data/lable/train/5/FSK_LFM_NLFM_QAM_SFM/FSK_LFM_NLFM_QAM_SFM_2_184.png
../data/images/train/5/FSK_LFM_NLFM_QAM_SFM/FSK_LFM_NLFM_QAM_SFM_2_158.png ../data/lable/train/5/FSK_LFM_NLFM_QAM_SFM/FSK_LFM_NLFM_QAM_SFM_2_158.png
../data/images/train/5/FSK_LFM_NLFM_QAM_SFM/FSK_LFM_NLFM_QAM_SFM_2_10.png ../data/lable/train/5/FSK_LFM_NLFM_QAM_SFM/FSK_LFM_NLFM_QAM_SFM_2_10.png
../data/images/train/5/FSK_LFM_NLFM_QAM_SFM/FSK_LFM_NLFM_QAM_SFM_2_59.png ../data/lable/train/5/FSK_LFM_NLFM_QAM_SFM/FSK_LFM_NLFM_QAM_SFM_2_59.png
../data/images/train/5/FSK_LFM_NLFM_QAM_SFM/FSK_LFM_NLFM_QAM_SFM_2_138.png ../data/lable/train/5/FSK_LFM_NLFM_QAM_SFM/FSK_LFM_NLFM_QAM_SFM_2_138.png
../data/images/train/5/FSK_LFM_NLFM_QAM_SFM/FSK_LFM_NLFM_QAM_SFM_2_2.png ../data/lable/train/5/FSK_LFM_NLFM_QAM_SFM/FSK_LFM_NLFM_QAM_SFM_2_2.png
../data/images/train/5/FSK_LFM_NLFM_QAM_SFM/FSK_LFM_NLFM_QAM_SFM_2_196.png ../data/lable/train/5/FSK_LFM_NLFM_QAM_SFM/FSK_LFM_NLFM_QAM_SFM_2_196.png
../data/images/train/5/FSK_LFM_NLFM_QAM_SFM/FSK_LFM_NLFM_QAM_SFM_2_137.png ../data/lable/train/5/FSK_LFM_NLFM_QAM_SFM/FSK_LFM_NLFM_QAM_SFM_2_137.png
../data/images/train/5/FSK_LFM_NLFM_QAM_SFM/FSK_LFM_NLFM_QAM_SFM_2_87.png ../data/lable/train/5/FSK_LFM_NLFM_QAM_SFM/FSK_LFM_NLFM_QAM_SFM_2_87.png
../data/images/train/5/FSK_LFM_NLFM_QAM_SFM/FSK_LFM_NLFM_QAM_SFM_2_197.png ../data/lable/train/5/FSK_LFM_NLFM_QAM_SFM/FSK_LFM_NLFM_QAM_SFM_2_197.png
../data/images/train/5/FSK_LFM_NLFM_QAM_SFM/FSK_LFM_NLFM_QAM_SFM_2_190.png ../data/lable/train/5/FSK_LFM_NLFM_QAM_SFM/FSK_LFM_NLFM_QAM_SFM_2_190.png
../data/images/train/5/FSK_LFM_NLFM_QAM_SFM/FSK_LFM_NLFM_QAM_SFM_2_19.png ../data/lable/train/5/FSK_LFM_NLFM_QAM_SFM/FSK_LFM_NLFM_QAM_SFM_2_19.png
../data/images/train/5/FSK_LFM_NLFM_QAM_SFM/FSK_LFM_NLFM_QAM_SFM_2_70.png ../data/lable/train/5/FSK_LFM_NLFM_QAM_SFM/FSK_LFM_NLFM_QAM_SFM_2_70.png
../data/images/train/5/FSK_LFM_NLFM_QAM_SFM/FSK_LFM_NLFM_QAM_SFM_2_144.png ../data/lable/train/5/FSK_LFM_NLFM_QAM_SFM/FSK_LFM_NLFM_QAM_SFM_2_144.png
../data/images/train/5/FSK_LFM_NLFM_QAM_SFM/FSK_LFM_NLFM_QAM_SFM_2_145.png ../data/lable/train/5/FSK_LFM_NLFM_QAM_SFM/FSK_LFM_NLFM_QAM_SFM_2_145.png
../data/images/train/5/FSK_LFM_NLFM_QAM_SFM/FSK_LFM_NLFM_QAM_SFM_2_169.png ../data/lable/train/5/FSK_LFM_NLFM_QAM_SFM/FSK_LFM_NLFM_QAM_SFM_2_169.png
../data/images/train/5/FSK_LFM_NLFM_QAM_SFM/FSK_LFM_NLFM_QAM_SFM_2_72.png ../data/lable/train/5/FSK_LFM_NLFM_QAM_SFM/FSK_LFM_NLFM_QAM_SFM_2_72.png
../data/images/train/5/FSK_LFM_NLFM_QAM_SFM/FSK_LFM_NLFM_QAM_SFM_2_185.png ../data/lable/train/5/FSK_LFM_NLFM_QAM_SFM/FSK_LFM_NLFM_QAM_SFM_2_185.png
../data/images/train/5/FSK_LFM_NLFM_QAM_SFM/FSK_LFM_NLFM_QAM_SFM_2_195.png ../data/lable/train/5/FSK_LFM_NLFM_QAM_SFM/FSK_LFM_NLFM_QAM_SFM_2_195.png
../data/images/train/5/FSK_LFM_NLFM_QAM_SFM/FSK_LFM_NLFM_QAM_SFM_2_34.png ../data/lable/train/5/FSK_LFM_NLFM_QAM_SFM/FSK_LFM_NLFM_QAM_SFM_2_34.png
../data/images/train/5/FSK_LFM_NLFM_QAM_SFM/FSK_LFM_NLFM_QAM_SFM_2_150.png ../data/lable/train/5/FSK_LFM_NLFM_QAM_SFM/FSK_LFM_NLFM_QAM_SFM_2_150.png
../data/images/train/5/FSK_LFM_NLFM_QAM_SFM/FSK_LFM_NLFM_QAM_SFM_2_108.png ../data/lable/train/5/FSK_LFM_NLFM_QAM_SFM/FSK_LFM_NLFM_QAM_SFM_2_108.png
../data/images/train/5/FSK_LFM_NLFM_QAM_SFM/FSK_LFM_NLFM_QAM_SFM_2_51.png ../data/lable/train/5/FSK_LFM_NLFM_QAM_SFM/FSK_LFM_NLFM_QAM_SFM_2_51.png
../data/images/train/5/FSK_LFM_NLFM_QAM_SFM/FSK_LFM_NLFM_QAM_SFM_2_133.png ../data/lable/train/5/FSK_LFM_NLFM_QAM_SFM/FSK_LFM_NLFM_QAM_SFM_2_133.png
../data/images/train/5/FSK_LFM_NLFM_QAM_SFM/FSK_LFM_NLFM_QAM_SFM_2_36.png ../data/lable/train/5/FSK_LFM_NLFM_QAM_SFM/FSK_LFM_NLFM_QAM_SFM_2_36.png
../data/images/train/5/FSK_LFM_NLFM_QAM_SFM/FSK_LFM_NLFM_QAM_SFM_2_65.png ../data/lable/train/5/FSK_LFM_NLFM_QAM_SFM/FSK_LFM_NLFM_QAM_SFM_2_65.png
../data/images/train/5/FSK_LFM_NLFM_QAM_SFM/FSK_LFM_NLFM_QAM_SFM_2_58.png ../data/lable/train/5/FSK_LFM_NLFM_QAM_SFM/FSK_LFM_NLFM_QAM_SFM_2_58.png
../data/images/train/5/FSK_LFM_NLFM_QAM_SFM/FSK_LFM_NLFM_QAM_SFM_2_149.png ../data/lable/train/5/FSK_LFM_NLFM_QAM_SFM/FSK_LFM_NLFM_QAM_SFM_2_149.png
../data/images/train/5/FSK_LFM_NLFM_QAM_SFM/FSK_LFM_NLFM_QAM_SFM_2_39.png ../data/lable/train/5/FSK_LFM_NLFM_QAM_SFM/FSK_LFM_NLFM_QAM_SFM_2_39.png
../data/images/train/5/FSK_LFM_NLFM_QAM_SFM/FSK_LFM_NLFM_QAM_SFM_2_194.png ../data/lable/train/5/FSK_LFM_NLFM_QAM_SFM/FSK_LFM_NLFM_QAM_SFM_2_194.png
../data/images/train/5/FSK_LFM_NLFM_QAM_SFM/FSK_LFM_NLFM_QAM_SFM_2_107.png ../data/lable/train/5/FSK_LFM_NLFM_QAM_SFM/FSK_LFM_NLFM_QAM_SFM_2_107.png
../data/images/train/5/FSK_LFM_NLFM_QAM_SFM/FSK_LFM_NLFM_QAM_SFM_2_170.png ../data/lable/train/5/FSK_LFM_NLFM_QAM_SFM/FSK_LFM_NLFM_QAM_SFM_2_170.png
../data/images/train/5/FSK_LFM_NLFM_QAM_SFM/FSK_LFM_NLFM_QAM_SFM_2_103.png ../data/lable/train/5/FSK_LFM_NLFM_QAM_SFM/FSK_LFM_NLFM_QAM_SFM_2_103.png
../data/images/train/5/FSK_LFM_NLFM_QAM_SFM/FSK_LFM_NLFM_QAM_SFM_2_178.png ../data/lable/train/5/FSK_LFM_NLFM_QAM_SFM/FSK_LFM_NLFM_QAM_SFM_2_178.png
../data/images/train/5/FSK_LFM_NLFM_QAM_SFM/FSK_LFM_NLFM_QAM_SFM_2_68.png ../data/lable/train/5/FSK_LFM_NLFM_QAM_SFM/FSK_LFM_NLFM_QAM_SFM_2_68.png
../data/images/train/5/FSK_LFM_NLFM_QAM_SFM/FSK_LFM_NLFM_QAM_SFM_2_100.png ../data/lable/train/5/FSK_LFM_NLFM_QAM_SFM/FSK_LFM_NLFM_QAM_SFM_2_100.png
../data/images/train/5/FSK_LFM_NLFM_QAM_SFM/FSK_LFM_NLFM_QAM_SFM_2_162.png ../data/lable/train/5/FSK_LFM_NLFM_QAM_SFM/FSK_LFM_NLFM_QAM_SFM_2_162.png
../data/images/train/5/FSK_LFM_NLFM_QAM_SFM/FSK_LFM_NLFM_QAM_SFM_2_180.png ../data/lable/train/5/FSK_LFM_NLFM_QAM_SFM/FSK_LFM_NLFM_QAM_SFM_2_180.png
../data/images/train/5/FSK_LFM_NLFM_QAM_SFM/FSK_LFM_NLFM_QAM_SFM_2_11.png ../data/lable/train/5/FSK_LFM_NLFM_QAM_SFM/FSK_LFM_NLFM_QAM_SFM_2_11.png
../data/images/train/5/FSK_LFM_NLFM_QAM_SFM/FSK_LFM_NLFM_QAM_SFM_2_126.png ../data/lable/train/5/FSK_LFM_NLFM_QAM_SFM/FSK_LFM_NLFM_QAM_SFM_2_126.png
../data/images/train/5/FSK_LFM_NLFM_QAM_SFM/FSK_LFM_NLFM_QAM_SFM_2_102.png ../data/lable/train/5/FSK_LFM_NLFM_QAM_SFM/FSK_LFM_NLFM_QAM_SFM_2_102.png
../data/images/train/5/FSK_LFM_NLFM_QAM_SFM/FSK_LFM_NLFM_QAM_SFM_2_115.png ../data/lable/train/5/FSK_LFM_NLFM_QAM_SFM/FSK_LFM_NLFM_QAM_SFM_2_115.png
../data/images/train/5/FSK_LFM_NLFM_QAM_SFM/FSK_LFM_NLFM_QAM_SFM_2_182.png ../data/lable/train/5/FSK_LFM_NLFM_QAM_SFM/FSK_LFM_NLFM_QAM_SFM_2_182.png
../data/images/train/5/FSK_LFM_NLFM_QAM_SFM/FSK_LFM_NLFM_QAM_SFM_2_15.png ../data/lable/train/5/FSK_LFM_NLFM_QAM_SFM/FSK_LFM_NLFM_QAM_SFM_2_15.png
../data/images/train/5/FSK_LFM_NLFM_QAM_SFM/FSK_LFM_NLFM_QAM_SFM_2_200.png ../data/lable/train/5/FSK_LFM_NLFM_QAM_SFM/FSK_LFM_NLFM_QAM_SFM_2_200.png
../data/images/train/5/FSK_LFM_NLFM_QAM_SFM/FSK_LFM_NLFM_QAM_SFM_2_85.png ../data/lable/train/5/FSK_LFM_NLFM_QAM_SFM/FSK_LFM_NLFM_QAM_SFM_2_85.png
../data/images/train/5/FSK_LFM_NLFM_QAM_SFM/FSK_LFM_NLFM_QAM_SFM_2_24.png ../data/lable/train/5/FSK_LFM_NLFM_QAM_SFM/FSK_LFM_NLFM_QAM_SFM_2_24.png
../data/images/train/5/FSK_LFM_NLFM_QAM_SFM/FSK_LFM_NLFM_QAM_SFM_2_95.png ../data/lable/train/5/FSK_LFM_NLFM_QAM_SFM/FSK_LFM_NLFM_QAM_SFM_2_95.png
../data/images/train/5/FSK_LFM_NLFM_QAM_SFM/FSK_LFM_NLFM_QAM_SFM_2_142.png ../data/lable/train/5/FSK_LFM_NLFM_QAM_SFM/FSK_LFM_NLFM_QAM_SFM_2_142.png
../data/images/train/5/FSK_LFM_NLFM_QAM_SFM/FSK_LFM_NLFM_QAM_SFM_2_134.png ../data/lable/train/5/FSK_LFM_NLFM_QAM_SFM/FSK_LFM_NLFM_QAM_SFM_2_134.png
../data/images/train/5/FSK_LFM_NLFM_QAM_SFM/FSK_LFM_NLFM_QAM_SFM_2_106.png ../data/lable/train/5/FSK_LFM_NLFM_QAM_SFM/FSK_LFM_NLFM_QAM_SFM_2_106.png
../data/images/train/5/FSK_LFM_NLFM_QAM_SFM/FSK_LFM_NLFM_QAM_SFM_2_147.png ../data/lable/train/5/FSK_LFM_NLFM_QAM_SFM/FSK_LFM_NLFM_QAM_SFM_2_147.png
../data/images/train/5/FSK_LFM_NLFM_QAM_SFM/FSK_LFM_NLFM_QAM_SFM_2_21.png ../data/lable/train/5/FSK_LFM_NLFM_QAM_SFM/FSK_LFM_NLFM_QAM_SFM_2_21.png
../data/images/train/5/FSK_LFM_NLFM_QAM_SFM/FSK_LFM_NLFM_QAM_SFM_2_104.png ../data/lable/train/5/FSK_LFM_NLFM_QAM_SFM/FSK_LFM_NLFM_QAM_SFM_2_104.png
../data/images/train/5/FSK_LFM_NLFM_QAM_SFM/FSK_LFM_NLFM_QAM_SFM_2_156.png ../data/lable/train/5/FSK_LFM_NLFM_QAM_SFM/FSK_LFM_NLFM_QAM_SFM_2_156.png
../data/images/train/5/FSK_LFM_NLFM_QAM_SFM/FSK_LFM_NLFM_QAM_SFM_2_165.png ../data/lable/train/5/FSK_LFM_NLFM_QAM_SFM/FSK_LFM_NLFM_QAM_SFM_2_165.png
../data/images/train/5/FSK_LFM_NLFM_QAM_SFM/FSK_LFM_NLFM_QAM_SFM_2_148.png ../data/lable/train/5/FSK_LFM_NLFM_QAM_SFM/FSK_LFM_NLFM_QAM_SFM_2_148.png
../data/images/train/5/FSK_LFM_NLFM_QAM_SFM/FSK_LFM_NLFM_QAM_SFM_2_177.png ../data/lable/train/5/FSK_LFM_NLFM_QAM_SFM/FSK_LFM_NLFM_QAM_SFM_2_177.png
../data/images/train/5/FSK_LFM_NLFM_QAM_SFM/FSK_LFM_NLFM_QAM_SFM_2_173.png ../data/lable/train/5/FSK_LFM_NLFM_QAM_SFM/FSK_LFM_NLFM_QAM_SFM_2_173.png
../data/images/train/5/FSK_LFM_NLFM_QAM_SFM/FSK_LFM_NLFM_QAM_SFM_2_69.png ../data/lable/train/5/FSK_LFM_NLFM_QAM_SFM/FSK_LFM_NLFM_QAM_SFM_2_69.png
../data/images/train/5/FSK_LFM_NLFM_QAM_SFM/FSK_LFM_NLFM_QAM_SFM_2_56.png ../data/lable/train/5/FSK_LFM_NLFM_QAM_SFM/FSK_LFM_NLFM_QAM_SFM_2_56.png
../data/images/train/5/FSK_LFM_NLFM_QAM_SFM/FSK_LFM_NLFM_QAM_SFM_2_193.png ../data/lable/train/5/FSK_LFM_NLFM_QAM_SFM/FSK_LFM_NLFM_QAM_SFM_2_193.png
../data/images/train/5/FSK_LFM_NLFM_QAM_SFM/FSK_LFM_NLFM_QAM_SFM_2_61.png ../data/lable/train/5/FSK_LFM_NLFM_QAM_SFM/FSK_LFM_NLFM_QAM_SFM_2_61.png
../data/images/train/5/FSK_LFM_NLFM_QAM_SFM/FSK_LFM_NLFM_QAM_SFM_2_86.png ../data/lable/train/5/FSK_LFM_NLFM_QAM_SFM/FSK_LFM_NLFM_QAM_SFM_2_86.png
../data/images/train/5/FSK_LFM_NLFM_QAM_SFM/FSK_LFM_NLFM_QAM_SFM_2_43.png ../data/lable/train/5/FSK_LFM_NLFM_QAM_SFM/FSK_LFM_NLFM_QAM_SFM_2_43.png
../data/images/train/5/FSK_LFM_NLFM_QAM_SFM/FSK_LFM_NLFM_QAM_SFM_2_136.png ../data/lable/train/5/FSK_LFM_NLFM_QAM_SFM/FSK_LFM_NLFM_QAM_SFM_2_136.png
../data/images/train/5/FSK_LFM_NLFM_QAM_SFM/FSK_LFM_NLFM_QAM_SFM_2_198.png ../data/lable/train/5/FSK_LFM_NLFM_QAM_SFM/FSK_LFM_NLFM_QAM_SFM_2_198.png
../data/images/train/5/FSK_LFM_NLFM_QAM_SFM/FSK_LFM_NLFM_QAM_SFM_2_7.png ../data/lable/train/5/FSK_LFM_NLFM_QAM_SFM/FSK_LFM_NLFM_QAM_SFM_2_7.png
../data/images/train/5/FSK_LFM_NLFM_QAM_SFM/FSK_LFM_NLFM_QAM_SFM_2_71.png ../data/lable/train/5/FSK_LFM_NLFM_QAM_SFM/FSK_LFM_NLFM_QAM_SFM_2_71.png
../data/images/train/5/FSK_LFM_NLFM_QAM_SFM/FSK_LFM_NLFM_QAM_SFM_2_118.png ../data/lable/train/5/FSK_LFM_NLFM_QAM_SFM/FSK_LFM_NLFM_QAM_SFM_2_118.png
../data/images/train/5/FSK_LFM_NLFM_QAM_SFM/FSK_LFM_NLFM_QAM_SFM_2_35.png ../data/lable/train/5/FSK_LFM_NLFM_QAM_SFM/FSK_LFM_NLFM_QAM_SFM_2_35.png
../data/images/train/5/FSK_LFM_NLFM_QAM_SFM/FSK_LFM_NLFM_QAM_SFM_2_74.png ../data/lable/train/5/FSK_LFM_NLFM_QAM_SFM/FSK_LFM_NLFM_QAM_SFM_2_74.png
../data/images/train/5/FSK_LFM_NLFM_QAM_SFM/FSK_LFM_NLFM_QAM_SFM_2_187.png ../data/lable/train/5/FSK_LFM_NLFM_QAM_SFM/FSK_LFM_NLFM_QAM_SFM_2_187.png
../data/images/train/5/FSK_LFM_NLFM_QAM_SFM/FSK_LFM_NLFM_QAM_SFM_2_129.png ../data/lable/train/5/FSK_LFM_NLFM_QAM_SFM/FSK_LFM_NLFM_QAM_SFM_2_129.png
../data/images/train/5/FSK_LFM_NLFM_QAM_SFM/FSK_LFM_NLFM_QAM_SFM_2_125.png ../data/lable/train/5/FSK_LFM_NLFM_QAM_SFM/FSK_LFM_NLFM_QAM_SFM_2_125.png
../data/images/train/5/FSK_LFM_NLFM_QAM_SFM/FSK_LFM_NLFM_QAM_SFM_2_132.png ../data/lable/train/5/FSK_LFM_NLFM_QAM_SFM/FSK_LFM_NLFM_QAM_SFM_2_132.png
../data/images/train/5/FSK_LFM_NLFM_QAM_SFM/FSK_LFM_NLFM_QAM_SFM_2_111.png ../data/lable/train/5/FSK_LFM_NLFM_QAM_SFM/FSK_LFM_NLFM_QAM_SFM_2_111.png
../data/images/train/5/FSK_LFM_NLFM_QAM_SFM/FSK_LFM_NLFM_QAM_SFM_2_41.png ../data/lable/train/5/FSK_LFM_NLFM_QAM_SFM/FSK_LFM_NLFM_QAM_SFM_2_41.png
../data/images/train/5/FSK_LFM_NLFM_QAM_SFM/FSK_LFM_NLFM_QAM_SFM_2_5.png ../data/lable/train/5/FSK_LFM_NLFM_QAM_SFM/FSK_LFM_NLFM_QAM_SFM_2_5.png
../data/images/train/5/FSK_LFM_NLFM_QAM_SFM/FSK_LFM_NLFM_QAM_SFM_2_113.png ../data/lable/train/5/FSK_LFM_NLFM_QAM_SFM/FSK_LFM_NLFM_QAM_SFM_2_113.png
../data/images/train/5/FSK_LFM_NLFM_QAM_SFM/FSK_LFM_NLFM_QAM_SFM_2_67.png ../data/lable/train/5/FSK_LFM_NLFM_QAM_SFM/FSK_LFM_NLFM_QAM_SFM_2_67.png
../data/images/train/5/FSK_LFM_NLFM_QAM_SFM/FSK_LFM_NLFM_QAM_SFM_2_14.png ../data/lable/train/5/FSK_LFM_NLFM_QAM_SFM/FSK_LFM_NLFM_QAM_SFM_2_14.png
../data/images/train/5/FSK_LFM_NLFM_QAM_SFM/FSK_LFM_NLFM_QAM_SFM_2_17.png ../data/lable/train/5/FSK_LFM_NLFM_QAM_SFM/FSK_LFM_NLFM_QAM_SFM_2_17.png
../data/images/train/5/FSK_LFM_NLFM_QAM_SFM/FSK_LFM_NLFM_QAM_SFM_2_47.png ../data/lable/train/5/FSK_LFM_NLFM_QAM_SFM/FSK_LFM_NLFM_QAM_SFM_2_47.png
../data/images/train/5/FSK_LFM_NLFM_QAM_SFM/FSK_LFM_NLFM_QAM_SFM_2_27.png ../data/lable/train/5/FSK_LFM_NLFM_QAM_SFM/FSK_LFM_NLFM_QAM_SFM_2_27.png
../data/images/train/5/FSK_LFM_NLFM_QAM_SFM/FSK_LFM_NLFM_QAM_SFM_2_166.png ../data/lable/train/5/FSK_LFM_NLFM_QAM_SFM/FSK_LFM_NLFM_QAM_SFM_2_166.png
../data/images/train/5/FSK_LFM_NLFM_QAM_SFM/FSK_LFM_NLFM_QAM_SFM_2_97.png ../data/lable/train/5/FSK_LFM_NLFM_QAM_SFM/FSK_LFM_NLFM_QAM_SFM_2_97.png
../data/images/train/5/FSK_LFM_NLFM_QAM_SFM/FSK_LFM_NLFM_QAM_SFM_2_164.png ../data/lable/train/5/FSK_LFM_NLFM_QAM_SFM/FSK_LFM_NLFM_QAM_SFM_2_164.png
../data/images/train/5/FSK_LFM_NLFM_QAM_SFM/FSK_LFM_NLFM_QAM_SFM_2_82.png ../data/lable/train/5/FSK_LFM_NLFM_QAM_SFM/FSK_LFM_NLFM_QAM_SFM_2_82.png
../data/images/train/5/FSK_LFM_NLFM_QAM_SFM/FSK_LFM_NLFM_QAM_SFM_2_191.png ../data/lable/train/5/FSK_LFM_NLFM_QAM_SFM/FSK_LFM_NLFM_QAM_SFM_2_191.png
../data/images/train/5/FSK_LFM_NLFM_QAM_SFM/FSK_LFM_NLFM_QAM_SFM_2_64.png ../data/lable/train/5/FSK_LFM_NLFM_QAM_SFM/FSK_LFM_NLFM_QAM_SFM_2_64.png
../data/images/train/5/FSK_LFM_NLFM_QAM_SFM/FSK_LFM_NLFM_QAM_SFM_2_77.png ../data/lable/train/5/FSK_LFM_NLFM_QAM_SFM/FSK_LFM_NLFM_QAM_SFM_2_77.png
../data/images/train/5/FSK_LFM_NLFM_QAM_SFM/FSK_LFM_NLFM_QAM_SFM_2_99.png ../data/lable/train/5/FSK_LFM_NLFM_QAM_SFM/FSK_LFM_NLFM_QAM_SFM_2_99.png
../data/images/train/5/FSK_LFM_NLFM_QAM_SFM/FSK_LFM_NLFM_QAM_SFM_2_3.png ../data/lable/train/5/FSK_LFM_NLFM_QAM_SFM/FSK_LFM_NLFM_QAM_SFM_2_3.png
../data/images/train/5/FSK_LFM_NLFM_QAM_SFM/FSK_LFM_NLFM_QAM_SFM_2_112.png ../data/lable/train/5/FSK_LFM_NLFM_QAM_SFM/FSK_LFM_NLFM_QAM_SFM_2_112.png
../data/images/train/5/FSK_LFM_NLFM_QAM_SFM/FSK_LFM_NLFM_QAM_SFM_2_176.png ../data/lable/train/5/FSK_LFM_NLFM_QAM_SFM/FSK_LFM_NLFM_QAM_SFM_2_176.png
../data/images/train/5/FSK_LFM_NLFM_QAM_SFM/FSK_LFM_NLFM_QAM_SFM_2_157.png ../data/lable/train/5/FSK_LFM_NLFM_QAM_SFM/FSK_LFM_NLFM_QAM_SFM_2_157.png
../data/images/train/5/FSK_LFM_NLFM_QAM_SFM/FSK_LFM_NLFM_QAM_SFM_2_18.png ../data/lable/train/5/FSK_LFM_NLFM_QAM_SFM/FSK_LFM_NLFM_QAM_SFM_2_18.png
../data/images/train/5/FSK_LFM_NLFM_QAM_SFM/FSK_LFM_NLFM_QAM_SFM_2_92.png ../data/lable/train/5/FSK_LFM_NLFM_QAM_SFM/FSK_LFM_NLFM_QAM_SFM_2_92.png
../data/images/train/5/FSK_LFM_NLFM_QAM_SFM/FSK_LFM_NLFM_QAM_SFM_2_13.png ../data/lable/train/5/FSK_LFM_NLFM_QAM_SFM/FSK_LFM_NLFM_QAM_SFM_2_13.png
../data/images/train/5/FSK_LFM_NLFM_QAM_SFM/FSK_LFM_NLFM_QAM_SFM_2_53.png ../data/lable/train/5/FSK_LFM_NLFM_QAM_SFM/FSK_LFM_NLFM_QAM_SFM_2_53.png
../data/images/train/5/FSK_LFM_NLFM_QAM_SFM/FSK_LFM_NLFM_QAM_SFM_2_89.png ../data/lable/train/5/FSK_LFM_NLFM_QAM_SFM/FSK_LFM_NLFM_QAM_SFM_2_89.png
../data/images/train/5/FSK_LFM_NLFM_QAM_SFM/FSK_LFM_NLFM_QAM_SFM_2_91.png ../data/lable/train/5/FSK_LFM_NLFM_QAM_SFM/FSK_LFM_NLFM_QAM_SFM_2_91.png
../data/images/train/5/FSK_LFM_NLFM_QAM_SFM/FSK_LFM_NLFM_QAM_SFM_2_192.png ../data/lable/train/5/FSK_LFM_NLFM_QAM_SFM/FSK_LFM_NLFM_QAM_SFM_2_192.png
../data/images/train/5/FSK_LFM_NLFM_QAM_SFM/FSK_LFM_NLFM_QAM_SFM_2_168.png ../data/lable/train/5/FSK_LFM_NLFM_QAM_SFM/FSK_LFM_NLFM_QAM_SFM_2_168.png
../data/images/train/5/FSK_LFM_NLFM_QAM_SFM/FSK_LFM_NLFM_QAM_SFM_2_90.png ../data/lable/train/5/FSK_LFM_NLFM_QAM_SFM/FSK_LFM_NLFM_QAM_SFM_2_90.png
../data/images/train/5/FSK_LFM_NLFM_QAM_SFM/FSK_LFM_NLFM_QAM_SFM_2_160.png ../data/lable/train/5/FSK_LFM_NLFM_QAM_SFM/FSK_LFM_NLFM_QAM_SFM_2_160.png
../data/images/train/5/FSK_LFM_NLFM_QAM_SFM/FSK_LFM_NLFM_QAM_SFM_2_153.png ../data/lable/train/5/FSK_LFM_NLFM_QAM_SFM/FSK_LFM_NLFM_QAM_SFM_2_153.png
../data/images/train/5/FSK_LFM_NLFM_QAM_SFM/FSK_LFM_NLFM_QAM_SFM_2_98.png ../data/lable/train/5/FSK_LFM_NLFM_QAM_SFM/FSK_LFM_NLFM_QAM_SFM_2_98.png
../data/images/train/5/FSK_LFM_NLFM_QAM_SFM/FSK_LFM_NLFM_QAM_SFM_2_12.png ../data/lable/train/5/FSK_LFM_NLFM_QAM_SFM/FSK_LFM_NLFM_QAM_SFM_2_12.png
../data/images/train/5/FSK_LFM_NLFM_QAM_SFM/FSK_LFM_NLFM_QAM_SFM_2_117.png ../data/lable/train/5/FSK_LFM_NLFM_QAM_SFM/FSK_LFM_NLFM_QAM_SFM_2_117.png
../data/images/train/5/FSK_LFM_NLFM_QAM_SFM/FSK_LFM_NLFM_QAM_SFM_2_26.png ../data/lable/train/5/FSK_LFM_NLFM_QAM_SFM/FSK_LFM_NLFM_QAM_SFM_2_26.png
../data/images/train/5/FSK_LFM_NLFM_QAM_SFM/FSK_LFM_NLFM_QAM_SFM_2_159.png ../data/lable/train/5/FSK_LFM_NLFM_QAM_SFM/FSK_LFM_NLFM_QAM_SFM_2_159.png
../data/images/train/5/FSK_LFM_NLFM_QAM_SFM/FSK_LFM_NLFM_QAM_SFM_2_127.png ../data/lable/train/5/FSK_LFM_NLFM_QAM_SFM/FSK_LFM_NLFM_QAM_SFM_2_127.png
../data/images/train/5/FSK_LFM_NLFM_QAM_SFM/FSK_LFM_NLFM_QAM_SFM_2_40.png ../data/lable/train/5/FSK_LFM_NLFM_QAM_SFM/FSK_LFM_NLFM_QAM_SFM_2_40.png
../data/images/train/5/FSK_LFM_NLFM_QAM_SFM/FSK_LFM_NLFM_QAM_SFM_2_172.png ../data/lable/train/5/FSK_LFM_NLFM_QAM_SFM/FSK_LFM_NLFM_QAM_SFM_2_172.png
../data/images/train/5/FSK_LFM_NLFM_QAM_SFM/FSK_LFM_NLFM_QAM_SFM_2_62.png ../data/lable/train/5/FSK_LFM_NLFM_QAM_SFM/FSK_LFM_NLFM_QAM_SFM_2_62.png
../data/images/train/5/FSK_LFM_NLFM_QAM_SFM/FSK_LFM_NLFM_QAM_SFM_2_52.png ../data/lable/train/5/FSK_LFM_NLFM_QAM_SFM/FSK_LFM_NLFM_QAM_SFM_2_52.png
../data/images/train/5/FSK_LFM_NLFM_QAM_SFM/FSK_LFM_NLFM_QAM_SFM_2_44.png ../data/lable/train/5/FSK_LFM_NLFM_QAM_SFM/FSK_LFM_NLFM_QAM_SFM_2_44.png
../data/images/train/5/FSK_LFM_NLFM_QAM_SFM/FSK_LFM_NLFM_QAM_SFM_2_6.png ../data/lable/train/5/FSK_LFM_NLFM_QAM_SFM/FSK_LFM_NLFM_QAM_SFM_2_6.png
../data/images/train/5/FSK_LFM_NLFM_QAM_SFM/FSK_LFM_NLFM_QAM_SFM_2_37.png ../data/lable/train/5/FSK_LFM_NLFM_QAM_SFM/FSK_LFM_NLFM_QAM_SFM_2_37.png
../data/images/train/5/FSK_LFM_NLFM_QAM_SFM/FSK_LFM_NLFM_QAM_SFM_2_186.png ../data/lable/train/5/FSK_LFM_NLFM_QAM_SFM/FSK_LFM_NLFM_QAM_SFM_2_186.png
../data/images/train/5/FSK_LFM_NLFM_QAM_SFM/FSK_LFM_NLFM_QAM_SFM_2_63.png ../data/lable/train/5/FSK_LFM_NLFM_QAM_SFM/FSK_LFM_NLFM_QAM_SFM_2_63.png
../data/images/train/5/FSK_LFM_NLFM_QAM_SFM/FSK_LFM_NLFM_QAM_SFM_2_171.png ../data/lable/train/5/FSK_LFM_NLFM_QAM_SFM/FSK_LFM_NLFM_QAM_SFM_2_171.png
../data/images/train/5/FSK_LFM_NLFM_QAM_SFM/FSK_LFM_NLFM_QAM_SFM_2_152.png ../data/lable/train/5/FSK_LFM_NLFM_QAM_SFM/FSK_LFM_NLFM_QAM_SFM_2_152.png
../data/images/train/5/FSK_LFM_NLFM_QAM_SFM/FSK_LFM_NLFM_QAM_SFM_2_49.png ../data/lable/train/5/FSK_LFM_NLFM_QAM_SFM/FSK_LFM_NLFM_QAM_SFM_2_49.png
../data/images/train/5/FSK_LFM_NLFM_QAM_SFM/FSK_LFM_NLFM_QAM_SFM_2_179.png ../data/lable/train/5/FSK_LFM_NLFM_QAM_SFM/FSK_LFM_NLFM_QAM_SFM_2_179.png
../data/images/train/5/FSK_LFM_NLFM_QAM_SFM/FSK_LFM_NLFM_QAM_SFM_2_78.png ../data/lable/train/5/FSK_LFM_NLFM_QAM_SFM/FSK_LFM_NLFM_QAM_SFM_2_78.png
../data/images/train/5/FSK_LFM_NLFM_QAM_SFM/FSK_LFM_NLFM_QAM_SFM_2_161.png ../data/lable/train/5/FSK_LFM_NLFM_QAM_SFM/FSK_LFM_NLFM_QAM_SFM_2_161.png
../data/images/train/5/FSK_LFM_NLFM_QAM_SFM/FSK_LFM_NLFM_QAM_SFM_2_28.png ../data/lable/train/5/FSK_LFM_NLFM_QAM_SFM/FSK_LFM_NLFM_QAM_SFM_2_28.png
../data/images/train/5/FSK_LFM_NLFM_QAM_SFM/FSK_LFM_NLFM_QAM_SFM_2_16.png ../data/lable/train/5/FSK_LFM_NLFM_QAM_SFM/FSK_LFM_NLFM_QAM_SFM_2_16.png
../data/images/train/5/FSK_LFM_NLFM_QAM_SFM/FSK_LFM_NLFM_QAM_SFM_2_139.png ../data/lable/train/5/FSK_LFM_NLFM_QAM_SFM/FSK_LFM_NLFM_QAM_SFM_2_139.png
../data/images/train/5/FSK_LFM_NLFM_QAM_SFM/FSK_LFM_NLFM_QAM_SFM_2_121.png ../data/lable/train/5/FSK_LFM_NLFM_QAM_SFM/FSK_LFM_NLFM_QAM_SFM_2_121.png
../data/images/train/5/FSK_LFM_NLFM_QAM_SFM/FSK_LFM_NLFM_QAM_SFM_2_110.png ../data/lable/train/5/FSK_LFM_NLFM_QAM_SFM/FSK_LFM_NLFM_QAM_SFM_2_110.png
../data/images/train/5/FSK_LFM_NLFM_QAM_SFM/FSK_LFM_NLFM_QAM_SFM_2_8.png ../data/lable/train/5/FSK_LFM_NLFM_QAM_SFM/FSK_LFM_NLFM_QAM_SFM_2_8.png
../data/images/train/5/FSK_LFM_NLFM_QAM_SFM/FSK_LFM_NLFM_QAM_SFM_2_189.png ../data/lable/train/5/FSK_LFM_NLFM_QAM_SFM/FSK_LFM_NLFM_QAM_SFM_2_189.png
../data/images/train/5/FSK_LFM_NLFM_QAM_SFM/FSK_LFM_NLFM_QAM_SFM_2_42.png ../data/lable/train/5/FSK_LFM_NLFM_QAM_SFM/FSK_LFM_NLFM_QAM_SFM_2_42.png
../data/images/train/5/FSK_LFM_NLFM_QAM_SFM/FSK_LFM_NLFM_QAM_SFM_2_84.png ../data/lable/train/5/FSK_LFM_NLFM_QAM_SFM/FSK_LFM_NLFM_QAM_SFM_2_84.png
../data/images/train/5/FSK_LFM_NLFM_QAM_SFM/FSK_LFM_NLFM_QAM_SFM_2_141.png ../data/lable/train/5/FSK_LFM_NLFM_QAM_SFM/FSK_LFM_NLFM_QAM_SFM_2_141.png
../data/images/train/5/FSK_LFM_NLFM_QAM_SFM/FSK_LFM_NLFM_QAM_SFM_2_48.png ../data/lable/train/5/FSK_LFM_NLFM_QAM_SFM/FSK_LFM_NLFM_QAM_SFM_2_48.png
../data/images/train/5/FSK_LFM_NLFM_QAM_SFM/FSK_LFM_NLFM_QAM_SFM_2_183.png ../data/lable/train/5/FSK_LFM_NLFM_QAM_SFM/FSK_LFM_NLFM_QAM_SFM_2_183.png
../data/images/train/5/FSK_LFM_NLFM_QAM_SFM/FSK_LFM_NLFM_QAM_SFM_2_1.png ../data/lable/train/5/FSK_LFM_NLFM_QAM_SFM/FSK_LFM_NLFM_QAM_SFM_2_1.png
../data/images/train/5/FSK_LFM_NLFM_QAM_SFM/FSK_LFM_NLFM_QAM_SFM_2_116.png ../data/lable/train/5/FSK_LFM_NLFM_QAM_SFM/FSK_LFM_NLFM_QAM_SFM_2_116.png
../data/images/train/5/FSK_LFM_NLFM_QAM_SFM/FSK_LFM_NLFM_QAM_SFM_2_93.png ../data/lable/train/5/FSK_LFM_NLFM_QAM_SFM/FSK_LFM_NLFM_QAM_SFM_2_93.png
../data/images/train/5/FSK_LFM_NLFM_QAM_SFM/FSK_LFM_NLFM_QAM_SFM_2_88.png ../data/lable/train/5/FSK_LFM_NLFM_QAM_SFM/FSK_LFM_NLFM_QAM_SFM_2_88.png
../data/images/train/5/FSK_LFM_NLFM_QAM_SFM/FSK_LFM_NLFM_QAM_SFM_2_23.png ../data/lable/train/5/FSK_LFM_NLFM_QAM_SFM/FSK_LFM_NLFM_QAM_SFM_2_23.png
../data/images/train/5/FSK_LFM_NLFM_QAM_SFM/FSK_LFM_NLFM_QAM_SFM_2_31.png ../data/lable/train/5/FSK_LFM_NLFM_QAM_SFM/FSK_LFM_NLFM_QAM_SFM_2_31.png
../data/images/train/5/FSK_LFM_NLFM_QAM_SFM/FSK_LFM_NLFM_QAM_SFM_2_143.png ../data/lable/train/5/FSK_LFM_NLFM_QAM_SFM/FSK_LFM_NLFM_QAM_SFM_2_143.png
../data/images/train/5/FSK_LFM_NLFM_QAM_SFM/FSK_LFM_NLFM_QAM_SFM_2_83.png ../data/lable/train/5/FSK_LFM_NLFM_QAM_SFM/FSK_LFM_NLFM_QAM_SFM_2_83.png
../data/images/train/5/FSK_LFM_NLFM_QAM_SFM/FSK_LFM_NLFM_QAM_SFM_2_151.png ../data/lable/train/5/FSK_LFM_NLFM_QAM_SFM/FSK_LFM_NLFM_QAM_SFM_2_151.png
../data/images/train/5/FSK_LFM_NLFM_QAM_SFM/FSK_LFM_NLFM_QAM_SFM_2_57.png ../data/lable/train/5/FSK_LFM_NLFM_QAM_SFM/FSK_LFM_NLFM_QAM_SFM_2_57.png
../data/images/train/5/FSK_LFM_NLFM_QAM_SFM/FSK_LFM_NLFM_QAM_SFM_2_154.png ../data/lable/train/5/FSK_LFM_NLFM_QAM_SFM/FSK_LFM_NLFM_QAM_SFM_2_154.png
../data/images/train/5/FSK_LFM_NLFM_QAM_SFM/FSK_LFM_NLFM_QAM_SFM_2_55.png ../data/lable/train/5/FSK_LFM_NLFM_QAM_SFM/FSK_LFM_NLFM_QAM_SFM_2_55.png
../data/images/train/5/FSK_LFM_NLFM_QAM_SFM/FSK_LFM_NLFM_QAM_SFM_2_60.png ../data/lable/train/5/FSK_LFM_NLFM_QAM_SFM/FSK_LFM_NLFM_QAM_SFM_2_60.png
../data/images/train/5/FSK_LFM_NLFM_QAM_SFM/FSK_LFM_NLFM_QAM_SFM_2_46.png ../data/lable/train/5/FSK_LFM_NLFM_QAM_SFM/FSK_LFM_NLFM_QAM_SFM_2_46.png
../data/images/train/5/FSK_LFM_NLFM_QAM_SFM/FSK_LFM_NLFM_QAM_SFM_2_199.png ../data/lable/train/5/FSK_LFM_NLFM_QAM_SFM/FSK_LFM_NLFM_QAM_SFM_2_199.png
../data/images/train/5/FSK_LFM_NLFM_QAM_SFM/FSK_LFM_NLFM_QAM_SFM_2_124.png ../data/lable/train/5/FSK_LFM_NLFM_QAM_SFM/FSK_LFM_NLFM_QAM_SFM_2_124.png
../data/images/train/5/FSK_LFM_NLFM_QAM_SFM/FSK_LFM_NLFM_QAM_SFM_2_135.png ../data/lable/train/5/FSK_LFM_NLFM_QAM_SFM/FSK_LFM_NLFM_QAM_SFM_2_135.png
../data/images/train/5/FSK_LFM_NLFM_QAM_SFM/FSK_LFM_NLFM_QAM_SFM_2_94.png ../data/lable/train/5/FSK_LFM_NLFM_QAM_SFM/FSK_LFM_NLFM_QAM_SFM_2_94.png
../data/images/train/5/FSK_LFM_NLFM_QAM_SFM/FSK_LFM_NLFM_QAM_SFM_2_101.png ../data/lable/train/5/FSK_LFM_NLFM_QAM_SFM/FSK_LFM_NLFM_QAM_SFM_2_101.png
../data/images/train/5/FSK_LFM_NLFM_QAM_SFM/FSK_LFM_NLFM_QAM_SFM_2_130.png ../data/lable/train/5/FSK_LFM_NLFM_QAM_SFM/FSK_LFM_NLFM_QAM_SFM_2_130.png
../data/images/train/5/FSK_LFM_NLFM_QAM_SFM/FSK_LFM_NLFM_QAM_SFM_2_114.png ../data/lable/train/5/FSK_LFM_NLFM_QAM_SFM/FSK_LFM_NLFM_QAM_SFM_2_114.png
../data/images/train/5/FSK_LFM_NLFM_QAM_SFM/FSK_LFM_NLFM_QAM_SFM_2_122.png ../data/lable/train/5/FSK_LFM_NLFM_QAM_SFM/FSK_LFM_NLFM_QAM_SFM_2_122.png
../data/images/train/5/FSK_LFM_NLFM_QAM_SFM/FSK_LFM_NLFM_QAM_SFM_2_50.png ../data/lable/train/5/FSK_LFM_NLFM_QAM_SFM/FSK_LFM_NLFM_QAM_SFM_2_50.png
../data/images/train/5/FSK_LFM_NLFM_QAM_SFM/FSK_LFM_NLFM_QAM_SFM_2_105.png ../data/lable/train/5/FSK_LFM_NLFM_QAM_SFM/FSK_LFM_NLFM_QAM_SFM_2_105.png
../data/images/train/5/FSK_LFM_NLFM_QAM_SFM/FSK_LFM_NLFM_QAM_SFM_2_22.png ../data/lable/train/5/FSK_LFM_NLFM_QAM_SFM/FSK_LFM_NLFM_QAM_SFM_2_22.png
../data/images/train/5/FSK_LFM_NLFM_QAM_SFM/FSK_LFM_NLFM_QAM_SFM_2_120.png ../data/lable/train/5/FSK_LFM_NLFM_QAM_SFM/FSK_LFM_NLFM_QAM_SFM_2_120.png
../data/images/train/5/FSK_LFM_NLFM_QAM_SFM/FSK_LFM_NLFM_QAM_SFM_2_146.png ../data/lable/train/5/FSK_LFM_NLFM_QAM_SFM/FSK_LFM_NLFM_QAM_SFM_2_146.png
../data/images/train/5/FSK_LFM_NLFM_QAM_SFM/FSK_LFM_NLFM_QAM_SFM_2_73.png ../data/lable/train/5/FSK_LFM_NLFM_QAM_SFM/FSK_LFM_NLFM_QAM_SFM_2_73.png
../data/images/train/5/FSK_LFM_NLFM_QAM_SFM/FSK_LFM_NLFM_QAM_SFM_2_20.png ../data/lable/train/5/FSK_LFM_NLFM_QAM_SFM/FSK_LFM_NLFM_QAM_SFM_2_20.png
../data/images/train/5/FSK_LFM_NLFM_QAM_SFM/FSK_LFM_NLFM_QAM_SFM_2_174.png ../data/lable/train/5/FSK_LFM_NLFM_QAM_SFM/FSK_LFM_NLFM_QAM_SFM_2_174.png
../data/images/train/5/FSK_LFM_NLFM_QAM_SFM/FSK_LFM_NLFM_QAM_SFM_2_123.png ../data/lable/train/5/FSK_LFM_NLFM_QAM_SFM/FSK_LFM_NLFM_QAM_SFM_2_123.png
../data/images/train/5/FSK_LFM_NLFM_QAM_SFM/FSK_LFM_NLFM_QAM_SFM_2_29.png ../data/lable/train/5/FSK_LFM_NLFM_QAM_SFM/FSK_LFM_NLFM_QAM_SFM_2_29.png
../data/images/train/5/FSK_LFM_NLFM_QAM_SFM/FSK_LFM_NLFM_QAM_SFM_2_81.png ../data/lable/train/5/FSK_LFM_NLFM_QAM_SFM/FSK_LFM_NLFM_QAM_SFM_2_81.png
../data/images/train/5/FSK_LFM_NLFM_QAM_SFM/FSK_LFM_NLFM_QAM_SFM_2_66.png ../data/lable/train/5/FSK_LFM_NLFM_QAM_SFM/FSK_LFM_NLFM_QAM_SFM_2_66.png
../data/images/train/5/FSK_LFM_NLFM_QAM_SFM/FSK_LFM_NLFM_QAM_SFM_2_175.png ../data/lable/train/5/FSK_LFM_NLFM_QAM_SFM/FSK_LFM_NLFM_QAM_SFM_2_175.png
../data/images/train/5/FSK_LFM_NLFM_QAM_SFM/FSK_LFM_NLFM_QAM_SFM_2_9.png ../data/lable/train/5/FSK_LFM_NLFM_QAM_SFM/FSK_LFM_NLFM_QAM_SFM_2_9.png
../data/images/train/5/FSK_LFM_NLFM_QAM_SFM/FSK_LFM_NLFM_QAM_SFM_2_33.png ../data/lable/train/5/FSK_LFM_NLFM_QAM_SFM/FSK_LFM_NLFM_QAM_SFM_2_33.png
../data/images/train/5/FSK_LFM_NLFM_QAM_SFM/FSK_LFM_NLFM_QAM_SFM_2_167.png ../data/lable/train/5/FSK_LFM_NLFM_QAM_SFM/FSK_LFM_NLFM_QAM_SFM_2_167.png
../data/images/train/5/FSK_LFM_NLFM_QAM_SFM/FSK_LFM_NLFM_QAM_SFM_2_181.png ../data/lable/train/5/FSK_LFM_NLFM_QAM_SFM/FSK_LFM_NLFM_QAM_SFM_2_181.png
../data/images/train/5/FSK_LFM_NLFM_QAM_SFM/FSK_LFM_NLFM_QAM_SFM_2_4.png ../data/lable/train/5/FSK_LFM_NLFM_QAM_SFM/FSK_LFM_NLFM_QAM_SFM_2_4.png
../data/images/train/5/FSK_LFM_NLFM_QAM_SFM/FSK_LFM_NLFM_QAM_SFM_2_45.png ../data/lable/train/5/FSK_LFM_NLFM_QAM_SFM/FSK_LFM_NLFM_QAM_SFM_2_45.png
../data/images/train/5/FSK_LFM_NLFM_QAM_SFM/FSK_LFM_NLFM_QAM_SFM_2_32.png ../data/lable/train/5/FSK_LFM_NLFM_QAM_SFM/FSK_LFM_NLFM_QAM_SFM_2_32.png
../data/images/train/5/FSK_LFM_NLFM_QAM_SFM/FSK_LFM_NLFM_QAM_SFM_2_140.png ../data/lable/train/5/FSK_LFM_NLFM_QAM_SFM/FSK_LFM_NLFM_QAM_SFM_2_140.png
../data/images/train/5/FSK_LFM_NLFM_QAM_SFM/FSK_LFM_NLFM_QAM_SFM_2_38.png ../data/lable/train/5/FSK_LFM_NLFM_QAM_SFM/FSK_LFM_NLFM_QAM_SFM_2_38.png
../data/images/train/5/FSK_LFM_NLFM_QAM_SFM/FSK_LFM_NLFM_QAM_SFM_2_25.png ../data/lable/train/5/FSK_LFM_NLFM_QAM_SFM/FSK_LFM_NLFM_QAM_SFM_2_25.png
../data/images/train/5/FSK_LFM_NLFM_QAM_SFM/FSK_LFM_NLFM_QAM_SFM_2_128.png ../data/lable/train/5/FSK_LFM_NLFM_QAM_SFM/FSK_LFM_NLFM_QAM_SFM_2_128.png
../data/images/train/5/FSK_LFM_NLFM_QAM_SFM/FSK_LFM_NLFM_QAM_SFM_2_96.png ../data/lable/train/5/FSK_LFM_NLFM_QAM_SFM/FSK_LFM_NLFM_QAM_SFM_2_96.png
../data/images/train/5/FSK_LFM_NLFM_QAM_SFM/FSK_LFM_NLFM_QAM_SFM_2_163.png ../data/lable/train/5/FSK_LFM_NLFM_QAM_SFM/FSK_LFM_NLFM_QAM_SFM_2_163.png
../data/images/train/5/FSK_LFM_NLFM_QAM_SFM/FSK_LFM_NLFM_QAM_SFM_2_155.png ../data/lable/train/5/FSK_LFM_NLFM_QAM_SFM/FSK_LFM_NLFM_QAM_SFM_2_155.png
../data/images/train/5/FSK_LFM_NLFM_QAM_SFM/FSK_LFM_NLFM_QAM_SFM_2_30.png ../data/lable/train/5/FSK_LFM_NLFM_QAM_SFM/FSK_LFM_NLFM_QAM_SFM_2_30.png
../data/images/train/5/FSK_LFM_NLFM_QAM_SFM/FSK_LFM_NLFM_QAM_SFM_2_119.png ../data/lable/train/5/FSK_LFM_NLFM_QAM_SFM/FSK_LFM_NLFM_QAM_SFM_2_119.png
